Script started on 2026-07-08 11:30:39+07:00 [TERM="xterm-256color" TTY="/dev/pts/107" COLUMNS="120" LINES="30"]
[?2004h]0;eltex-v41@eltex-2026-summer: ~[01;32meltex-v41@eltex-2026-summer[00m:[01;34m~[00m$ ls ~/.ssh
[?2004lls: cannot access '/home/eltex-v41/.ssh': No such file or directory
[?2004h]0;eltex-v41@eltex-2026-summer: ~[01;32meltex-v41@eltex-2026-summer[00m:[01;34m~[00m$ ssh-keygen
[?2004lGenerating public/private rsa key pair.
Enter file in which to save the key (/home/eltex-v41/.ssh/id_rsa): 
Created directory '/home/eltex-v41/.ssh'.
Enter passphrase (empty for no passphrase): 
Enter same passphrase again: 
Your identification has been saved in /home/eltex-v41/.ssh/id_rsa
Your public key has been saved in /home/eltex-v41/.ssh/id_rsa.pub
The key fingerprint is:
SHA256:ajwb8gW3CCl9vHErnhLru2GMu3PTLRNSvQEqCAB+d0U eltex-v41@eltex-2026-summer
The key's randomart image is:
+---[RSA 3072]----+
|=       .E       |
|o     . .        |
|.o . o +         |
|. o.ooo o        |
|  ..+.= So       |
|   +o+.O.o       |
|  . ==Xo+        |
|  .o=*+B.        |
|  o=+==o         |
+----[SHA256]-----+
[?2004h]0;eltex-v41@eltex-2026-summer: ~[01;32meltex-v41@eltex-2026-summer[00m:[01;34m~[00m$ ssh-cope-id roo@[Kt@172.16.9.215
[?2004lbash: ssh-cope-id: command not found
[?2004h]0;eltex-v41@eltex-2026-summer: ~[01;32meltex-v41@eltex-2026-summer[00m:[01;34m~[00m$ ssh-cope-id root@172.16.9.215[1P[1@y
[?2004l/usr/bin/ssh-copy-id: INFO: Source of key(s) to be installed: "/home/eltex-v41/.ssh/id_rsa.pub"
The authenticity of host '172.16.9.215 (172.16.9.215)' can't be established.
ED25519 key fingerprint is SHA256:YNVzj+RtetZfXv5XUn/CUjeEcaMD4eg3jy8EuGGIS+o.
This key is not known by any other names.
Are you sure you want to continue connecting (yes/no/[fingerprint])? yes
/usr/bin/ssh-copy-id: INFO: attempting to log in with the new key(s), to filter out any that are already installed
/usr/bin/ssh-copy-id: INFO: 1 key(s) remain to be installed -- if you are prompted now it is to install the new keys
root@172.16.9.215's password: 

Number of key(s) added: 1

Now try logging into the machine, with:   "ssh 'root@172.16.9.215'"
and check to make sure that only the key(s) you wanted were added.

[?2004h]0;eltex-v41@eltex-2026-summer: ~[01;32meltex-v41@eltex-2026-summer[00m:[01;34m~[00m$ ssh root@172.16.9.215
[?2004lWelcome to Ubuntu 24.04.2 LTS (GNU/Linux 6.8.0-55-generic x86_64)

 * Documentation:  https://help.ubuntu.com
 * Management:     https://landscape.canonical.com
 * Support:        https://ubuntu.com/pro

 System information as of Wed Jul  8 04:33:43 AM UTC 2026

  System load:  0.12               Processes:              109
  Usage of /:   37.8% of 14.66GB   Users logged in:        0
  Memory usage: 6%                 IPv4 address for ens18: 172.16.9.215
  Swap usage:   0%


Expanded Security Maintenance for Applications is not enabled.

0 updates can be applied immediately.

Enable ESM Apps to receive additional future security updates.
See https://ubuntu.com/esm or run: sudo pro status


The list of available updates is more than a week old.
To check for new updates run: sudo apt update

[?2004h]0;root@eltex-practice2-v41: ~root@eltex-practice2-v41:~# cat ~/.ssh/authorized_keys
[?2004lssh-rsa AAAAB3NzaC1yc2EAAAADAQABAAABgQCypyYcVVmt8s8Z/L/OhaXPh2AuzHkq/VlTdHtMpYsBEWYsk5OOrrXmXCd4oL6zwHowj9quPP6Nt8WkZwX/gk/tNdv9+vrTZ6MErh5BC6EL5WL8itumilBO58bbaLV44LKvnZ5H5USOGx6KYcUsZFOpjtYvGHMk5hPmY6bRFxBCbiHED/uZq2u8NtimCLJ1Uk1vvRpu5/EXYql48eBYD3yMYwXQlOOI+Gb2yGZmb0k3AKv8Ralp/8Ku5FQesx8Bqy3QO7MHgYbhrhJ2I5zOqKWxsMTCKc0WjV+5f3RkCUlpDtbPwXTqJdUUxOnHgdFMt36xOqGrVHCpbpuDuiNsyu2ZcsRtEPw8ZX1JUF1eMMhmF5bcJf+XH29ak4oXjw5+V8wRAru/rn7pvnyrM+dGvecFqtO1UQ57Q1RrcDD82ZR2iDG6lVqJptnFep+Z+7zU3sz6NF6GZ0wQWXjw7XxxuPy039CN1N7iRTm1RoYtiKTZYkDuOS/NzfJYsHL6b92u2YU= eltex-v41@eltex-2026-summer
[?2004h]0;root@eltex-practice2-v41: ~root@eltex-practice2-v41:~# cat ~/.ssh/authorized_keys[1P ~/.ssh/authorized_keys[1P ~/.ssh/authorized_keys[1P ~/.ssh/authorized_keysl ~/.ssh/authorized_keyss ~/.ssh/authorized_keys[C ~/.ssh/authorized_keys- ~/.ssh/authorized_keysl ~/.ssh/authorized_keys
[?2004l-rw------- 1 root root 581 Jul  8 04:33 /root/.ssh/authorized_keys
[?2004h]0;root@eltex-practice2-v41: ~root@eltex-practice2-v41:~# exit
[?2004llogout
Connection to 172.16.9.215 closed.
[?2004h]0;eltex-v41@eltex-2026-summer: ~[01;32meltex-v41@eltex-2026-summer[00m:[01;34m~[00m$ cat ~/.ssh/*.pub
[?2004lssh-rsa AAAAB3NzaC1yc2EAAAADAQABAAABgQCypyYcVVmt8s8Z/L/OhaXPh2AuzHkq/VlTdHtMpYsBEWYsk5OOrrXmXCd4oL6zwHowj9quPP6Nt8WkZwX/gk/tNdv9+vrTZ6MErh5BC6EL5WL8itumilBO58bbaLV44LKvnZ5H5USOGx6KYcUsZFOpjtYvGHMk5hPmY6bRFxBCbiHED/uZq2u8NtimCLJ1Uk1vvRpu5/EXYql48eBYD3yMYwXQlOOI+Gb2yGZmb0k3AKv8Ralp/8Ku5FQesx8Bqy3QO7MHgYbhrhJ2I5zOqKWxsMTCKc0WjV+5f3RkCUlpDtbPwXTqJdUUxOnHgdFMt36xOqGrVHCpbpuDuiNsyu2ZcsRtEPw8ZX1JUF1eMMhmF5bcJf+XH29ak4oXjw5+V8wRAru/rn7pvnyrM+dGvecFqtO1UQ57Q1RrcDD82ZR2iDG6lVqJptnFep+Z+7zU3sz6NF6GZ0wQWXjw7XxxuPy039CN1N7iRTm1RoYtiKTZYkDuOS/NzfJYsHL6b92u2YU= eltex-v41@eltex-2026-summer
[?2004h]0;eltex-v41@eltex-2026-summer: ~[01;32meltex-v41@eltex-2026-summer[00m:[01;34m~[00m$ cat ~/.ssh/*.pub[1P ~/.ssh/*.pub[1P ~/.ssh/*.pub[1P ~/.ssh/*.publ ~/.ssh/*.pubs ~/.ssh/*.pub[C ~/.ssh/*.pub- ~/.ssh/*.publ ~/.ssh/*.pub
[?2004l-rw-r--r-- 1 eltex-v41 eltex-v41 581 Jul  8 11:32 /home/eltex-v41/.ssh/id_rsa.pub
[?2004h]0;eltex-v41@eltex-2026-summer: ~[01;32meltex-v41@eltex-2026-summer[00m:[01;34m~[00m$ ls -l ~/.ssh/*.pub[2Pcat[C[C[C[C[C[C[C[C[C[C[C[C[Cssh root@172.16.9.215-copy-id root@172.16.9.215[8P root@172.16.9.215
[?2004lWelcome to Ubuntu 24.04.2 LTS (GNU/Linux 6.8.0-55-generic x86_64)

 * Documentation:  https://help.ubuntu.com
 * Management:     https://landscape.canonical.com
 * Support:        https://ubuntu.com/pro

 System information as of Wed Jul  8 04:39:39 AM UTC 2026

  System load:  0.13               Processes:              110
  Usage of /:   37.8% of 14.66GB   Users logged in:        0
  Memory usage: 5%                 IPv4 address for ens18: 172.16.9.215
  Swap usage:   0%


Expanded Security Maintenance for Applications is not enabled.

0 updates can be applied immediately.

Enable ESM Apps to receive additional future security updates.
See https://ubuntu.com/esm or run: sudo pro status


The list of available updates is more than a week old.
To check for new updates run: sudo apt update

Last login: Wed Jul  8 04:34:36 2026 from 172.16.8.4
[?2004h]0;root@eltex-practice2-v41: ~root@eltex-practice2-v41:~# useradd -m -s /bin/ bash user1
[?2004luseradd: Warning: missing or non-executable shell '/bin/'
Usage: useradd [options] LOGIN
       useradd -D
       useradd -D [options]

Options:
      --badname                 do not check for bad names
  -b, --base-dir BASE_DIR       base directory for the home directory of the
                                new account
      --btrfs-subvolume-home    use BTRFS subvolume for home directory
  -c, --comment COMMENT         GECOS field of the new account
  -d, --home-dir HOME_DIR       home directory of the new account
  -D, --defaults                print or change default useradd configuration
  -e, --expiredate EXPIRE_DATE  expiration date of the new account
  -f, --inactive INACTIVE       password inactivity period of the new account
  -F, --add-subids-for-system   add entries to sub[ud]id even when adding a system user
  -g, --gid GROUP               name or ID of the primary group of the new
                                account
  -G, --groups GROUPS           list of supplementary groups of the new
                                account
  -h, --help                    display this help message and exit
  -k, --skel SKEL_DIR           use this alternative skeleton directory
  -K, --key KEY=VALUE           override /etc/login.defs defaults
  -l, --no-log-init             do not add the user to the lastlog and
                                faillog databases
  -m, --create-home             create the user's home directory
  -M, --no-create-home          do not create the user's home directory
  -N, --no-user-group           do not create a group with the same name as
                                the user
  -o, --non-unique              allow to create users with duplicate
                                (non-unique) UID
  -p, --password PASSWORD       encrypted password of the new account
  -r, --system                  create a system account
  -R, --root CHROOT_DIR         directory to chroot into
  -P, --prefix PREFIX_DIR       prefix directory where are located the /etc/* files
  -s, --shell SHELL             login shell of the new account
  -u, --uid UID                 user ID of the new account
  -U, --user-group              create a group with the same name as the user
  -Z, --selinux-user SEUSER     use a specific SEUSER for the SELinux user mapping
      --extrausers              Use the extra users database

[?2004h]0;root@eltex-practice2-v41: ~root@eltex-practice2-v41:~# [7museradd -m -s /bin/bash user1[27museradd -m -s /bin/bash user1
[?2004luser    [?2004h]0;root@eltex-practice2-v41: ~root@eltex-practice2-v41:~# user[K[K[K[K[7mpasswd user1[27mpasswd user1
[?2004lNew password: 
Retype new password: 
passwd: password updated successfully
[?2004h]0;root@eltex-practice2-v41: ~root@eltex-practice2-v41:~# [7madduser user2[27madduser user2
[?2004linfo: Adding user `user2' ...
info: Selecting UID/GID from range 1000 to 59999 ...
info: Adding new group `user2' (1002) ...
info: Adding new user `user2' (1002) with group `user2 (1002)' ...
info: Creating home directory `/home/user2' ...
info: Copying files from `/etc/skel' ...
New password: 
Retype new password: 
passwd: password updated successfully
Changing the user information for user2
Enter the new value, or press ENTER for the default
	Full Name []: 
	Room Number []: 
	Work Phone []: 
	Home Phone []: 
	Other []: 
Is the information correct? [Y/n] Y
info: Adding new user `user2' to supplemental / extra groups `users' ...
info: Adding user `user2' to group `users' ...
[?2004h]0;root@eltex-practice2-v41: ~root@eltex-practice2-v41:~# adduser user2[K3
[?2004linfo: Adding user `user3' ...
info: Selecting UID/GID from range 1000 to 59999 ...
info: Adding new group `user3' (1003) ...
info: Adding new user `user3' (1003) with group `user3 (1003)' ...
info: Creating home directory `/home/user3' ...
info: Copying files from `/etc/skel' ...
New password: 
Retype new password: 
passwd: password updated successfully
Changing the user information for user3
Enter the new value, or press ENTER for the default
	Full Name []: 
	Room Number []: 
	Work Phone []: 
	Home Phone []: 
	Other []: 
Is the information correct? [Y/n] Y
info: Adding new user `user3' to supplemental / extra groups `users' ...
info: Adding user `user3' to group `users' ...
[?2004h]0;root@eltex-practice2-v41: ~root@eltex-practice2-v41:~# [7musermod -s /usr/sbin/nologin user3[27m[C[C[C[C[C[C[C[C[C[C[C[C[C[C[C[C[C[C[C[C[C[C[C[C[C[C[C[Cusermod -s /usr/sbin/nologin user3
[?2004l[?2004h]0;root@eltex-practice2-v41: ~root@eltex-practice2-v41:~# [7mgrep user3 /etc/passwd[27mgrep user3 /etc/passwd
[?2004l[01;31m[Kuser3[m[K:x:1003:1003:,,,:/home/[01;31m[Kuser3[m[K:/usr/sbin/nologin
[?2004h]0;root@eltex-practice2-v41: ~root@eltex-practice2-v41:~# [7msu user3[27msu user3
[?2004lThis account is currently not available.
[?2004h]0;root@eltex-practice2-v41: ~root@eltex-practice2-v41:~# [7msu -s /bin/bash user3[27msu -s /bin/bash user3
[?2004l[?2004h]0;user3@eltex-practice2-v41: /root[01;32muser3@eltex-practice2-v41[00m:[01;34m/root[00m$ [7mwhoami[27mwhoami
[?2004luser3
[?2004h]0;user3@eltex-practice2-v41: /root[01;32muser3@eltex-practice2-v41[00m:[01;34m/root[00m$ [7mexit[27mexit
[?2004lexit
[?2004h]0;root@eltex-practice2-v41: ~root@eltex-practice2-v41:~# [7mgroupadd practice[27mgroupadd practice[K[K[K[K[K[K[K[K[K user*
[?2004l[?2004h]0;root@eltex-practice2-v41: ~root@eltex-practice2-v41:~# [7musermod -aG practice user1[27musermod -aG practice user1
[?2004lusermod: group 'practice' does not exist
[?2004h]0;root@eltex-practice2-v41: ~root@eltex-practice2-v41:~# usermod -aG practice user1user*[K[K[K[K[K[C[1P user1[1P user1[1P user1[1P user1[1P user1[1P user1[1P user1[1P user1u user1s user1e user1r user1* user1
[?2004l[?2004h]0;root@eltex-practice2-v41: ~root@eltex-practice2-v41:~# usermod -aG user* user1[K2
[?2004l[?2004h]0;root@eltex-practice2-v41: ~root@eltex-practice2-v41:~# usermod -aG user* user2[K3
[?2004l[?2004h]0;root@eltex-practice2-v41: ~root@eltex-practice2-v41:~# [7mgroups user1[27mgroups user1
[?2004luser1 : user1 user*
[?2004h]0;root@eltex-practice2-v41: ~root@eltex-practice2-v41:~# groups user1[K2
[?2004luser2 : user2 users user*
[?2004h]0;root@eltex-practice2-v41: ~root@eltex-practice2-v41:~# groups user2[K3
[?2004luser3 : user3 users user*
[?2004h]0;root@eltex-practice2-v41: ~root@eltex-practice2-v41:~# [7mmkdir -p /opt/share[27mmkdir -p /opt/share
[?2004l[?2004h]0;root@eltex-practice2-v41: ~root@eltex-practice2-v41:~# [7mchgrp practice /opt/share[27mchgrp practice /opt/share[C[1P /opt/share[1P /opt/share[1P /opt/share[1P /opt/share[1P /opt/share[1P /opt/share[1P /opt/share[1P /opt/shareu /opt/shares /opt/sharee /opt/sharer /opt/share* /opt/share
[?2004l[?2004h]0;root@eltex-practice2-v41: ~root@eltex-practice2-v41:~# [7mchmod 2775 /opt/share[27mchmod 2775 /opt/share
[?2004l[?2004h]0;root@eltex-practice2-v41: ~root@eltex-practice2-v41:~# [7mls -ld /opt/share[27mls -ld /opt/share
[?2004ldrwxrwsr-x 2 root user* 4096 Jul  8 05:00 [0m[01;34m/opt/share[0m
[?2004h]0;root@eltex-practice2-v41: ~root@eltex-practice2-v41:~# [7mecho "umask 027" >> /home/user1/.profile[27m[C[C[C[C[C[C[C[C[C[C[C[C[C[C[C[C[C[C[C[C[C[C[C[C[C[C[C[Cecho "umask 027" >> /home/user1/.profile
[?2004l[?2004h]0;root@eltex-practice2-v41: ~root@eltex-practice2-v41:~# [7msu - user1[27msu - user1
[?2004l[?2004h]0;user1@eltex-practice2-v41: ~[01;32muser1@eltex-practice2-v41[00m:[01;34m~[00m$ [7mtouch /opt/share/user1.txt[27mtouch /opt/share/user1.txt
[?2004l[?2004h]0;user1@eltex-practice2-v41: ~[01;32muser1@eltex-practice2-v41[00m:[01;34m~[00m$ [7mexit[27mexit
[?2004llogout
[?2004h]0;root@eltex-practice2-v41: ~root@eltex-practice2-v41:~# su - user1echo "umask 027" >> /home/user1/.profile[C[C[C[C[C[C[C[C[C[C[C[C[C[C[C[C[C[C[C[C[C[C[C[C[C[C[C[Csu - user1[K[K2
[?2004l[?2004h]0;user2@eltex-practice2-v41: ~[01;32muser2@eltex-practice2-v41[00m:[01;34m~[00m$ [7mtouch /opt/share/user2.txt[27mtouch /opt/share/user2.txt
[?2004l[?2004h]0;user2@eltex-practice2-v41: ~[01;32muser2@eltex-practice2-v41[00m:[01;34m~[00m$ exit
[?2004llogout
[?2004h]0;root@eltex-practice2-v41: ~root@eltex-practice2-v41:~# [7msu -s /bin/bash user3[27msu -s /bin/bash user3
[?2004l[?2004h]0;user3@eltex-practice2-v41: /root[01;32muser3@eltex-practice2-v41[00m:[01;34m/root[00m$ [7mtouch /opt/share/user3.txt[27mtouch /opt/share/user3.txt
[?2004l[?2004h]0;user3@eltex-practice2-v41: /root[01;32muser3@eltex-practice2-v41[00m:[01;34m/root[00m$ exit
[?2004lexit
[?2004h]0;root@eltex-practice2-v41: ~root@eltex-practice2-v41:~# [7msu - user1[27msu - user1
[?2004l[?2004h]0;user1@eltex-practice2-v41: ~[01;32muser1@eltex-practice2-v41[00m:[01;34m~[00m$ [7mrm /opt/share/user2.txt[27mrm /opt/share/user2.txt
[?2004l[?2004h]0;user1@eltex-practice2-v41: ~[01;32muser1@eltex-practice2-v41[00m:[01;34m~[00m$ у[Kexit
[?2004llogout
[?2004h]0;root@eltex-practice2-v41: ~root@eltex-practice2-v41:~# [7mchmod +t /opt/share[27mchmod +t /opt/share
[?2004l[?2004h]0;root@eltex-practice2-v41: ~root@eltex-practice2-v41:~# [7mls -ld /opt/share[27mls -ld /opt/share
[?2004ldrwxrwsr-t 2 root user* 4096 Jul  8 05:03 [0m[37;44m/opt/share[0m
[?2004h]0;root@eltex-practice2-v41: ~root@eltex-practice2-v41:~# [7msu - user2[27msu - user2
[?2004l[?2004h]0;user2@eltex-practice2-v41: ~[01;32muser2@eltex-practice2-v41[00m:[01;34m~[00m$ [7mtouch /opt/share/user2.txt[27mtouch /opt/share/user2.txt
[?2004l[?2004h]0;user2@eltex-practice2-v41: ~[01;32muser2@eltex-practice2-v41[00m:[01;34m~[00m$ exit
[?2004llogout
[?2004h]0;root@eltex-practice2-v41: ~root@eltex-practice2-v41:~# [7msu - user1[27msu - user1
[?2004l[?2004h]0;user1@eltex-practice2-v41: ~[01;32muser1@eltex-practice2-v41[00m:[01;34m~[00m$ [7mrm /opt/share/user2.txt[27mrm /opt/share/user2.txt
[?2004lrm: cannot remove '/opt/share/user2.txt': Operation not permitted
[?2004h]0;user1@eltex-practice2-v41: ~[01;32muser1@eltex-practice2-v41[00m:[01;34m~[00m$ exit
[?2004llogout
[?2004h]0;root@eltex-practice2-v41: ~root@eltex-practice2-v41:~# [7mvisudo[27mvisudo
[?2004l[?2004h[?1049h[22;0;0t[1;30r(B[m[4l[?7h[39;49m[?1h=[?1h=[?25l[39;49m(B[m[H[2J[28;54H(B[0;7m[ Reading... ](B[m[28;52H(B[0;7m[ Read 57 lines ](B[m[H(B[0;7m  GNU nano 7.2                                        /etc/sudoers.tmp                                                  [1;119H(B[m[29d(B[0;7m^G(B[m Help[29;16H(B[0;7m^O(B[m Write Out   (B[0;7m^W(B[m Where Is    (B[0;7m^K(B[m Cut[29;61H(B[0;7m^T(B[m Execute     (B[0;7m^C(B[m Location    (B[0;7mM-U(B[m Undo[106G(B[0;7mM-A(B[m Set Mark[30d(B[0;7m^X(B[m Exit[30;16H(B[0;7m^R(B[m Read File   (B[0;7m^\(B[m Replace     (B[0;7m^U(B[m Paste[61G(B[0;7m^J(B[m Justify     (B[0;7m^/(B[m Go To Line  (B[0;7mM-E(B[m Redo[106G(B[0;7mM-6(B[m Copy[2d[36m#[3d# This file MUST be edited with the 'visudo' command as root.[4d#[5d# Please consider adding local content in /etc/sudoers.d/ instead of[6d# directly modifying this file.[7d#[8d# See the man page for details on how to write a sudoers file.[9d#[10d[39m(B[mDefaults[38;5;208m        [39m(B[menv_reset[11dDefaults[38;5;208m        [39m(B[mmail_badpass[12dDefaults[38;5;208m        [39m(B[msecure_path="/usr/local/sbin:/usr/local/bin:/usr/sbin:/usr/bin:/sbin:/bin:/snap/bin"[14d[36m# This fixes CVE-2005-4890 and possibly breaks some versions of kdesu[15d# (#1011624, https://bugs.kde.org/show_bug.cgi?id=452532)[16d[39m(B[mDefaults[38;5;208m        [39m(B[muse_pty[18d[36m# This preserves proxy settings from user environments of root[19d# equivalent users (group sudo)[20d#Defaults:%sudo env_keep += "http_proxy https_proxy ftp_proxy all_proxy no_proxy"[22d# This allows running arbitrary commands, but so does ALL, and it means[23d# different sudoers have their choice of editor respected.[24d#Defaults:%sudo env_keep += "EDITOR"[26d# Completely harmless preservation of a user preference.[27d#Defaults:%sudo env_keep += "GREP_COLOR"[2d[39m(B[m[?12l[?25h[?25l[?12l[?25h[3d[?25l[?12l[?25h[4d[?25l[?12l[?25h[5d[?25l[?12l[?25h[A[?25l[?12l[?25h[A[?25l[?12l[?25h[A[?25l[?12l[?25h[?25l[?12l[?25h[?25l[?12l[?25h[3d[?25l[?12l[?25h[4d[?25l[?12l[?25h[5d[?25l[?12l[?25h[6d[?25l[?12l[?25h[7d[?25l[?12l[?25h[8d[?25l[?12l[?25h[9d[?25l[?12l[?25h[10d[?25l[?12l[?25h[11d[?25l[28d[K[?12l[?25h[14d[?25l[?12l[?25h[15d[?25l[?12l[?25h[17d[?25l[?12l[?25h[20d[?25l[?12l[?25h[22d[?25l[?12l[?25h[23d[?25l[?12l[?25h[25d[?25l[?12l[?25h[26d[?25l[?12l[?25h[27d[?25l[?12l[?25h7[2;28r8[28d[3S[1;30r[26;1H[36m# While you shouldn't normally run git as root, you need to with etckeeper[27d#Defaults:%sudo env_keep += "GIT_AUTHOR_* GIT_COMMITTER_*"[39m(B[m[?25l[?12l[?25h7[2;28r8[28d[3S[1;30r[26;1H[36m# Per-user preferences; root won't have sensible values for them.[27d#Defaults:%sudo env_keep += "EMAIL DEBEMAIL DEBFULLNAME"[39m(B[m[?25l[?12l[?25h7[2;28r8[28d[3S[1;30r[26;1H[36m# "sudo scp" or "sudo rsync" should be able to use your SSH agent.[27d#Defaults:%sudo env_keep += "SSH_AGENT_PID SSH_AUTH_SOCK"[39m(B[m[?25l[?12l[?25h7[2;28r8[28d
[1;30r[27;1H[?25l[?12l[?25h7[2;28r8[28d
[1;30r[27;1H[36m# Ditto for GPG agent[39m(B[m[?25l[?12l[?25h7[2;28r8[28d[4S[1;30r[24;1H[36m#Defaults:%sudo env_keep += "GPG_AGENT_INFO"[26d# Host alias specification[27d[39m(B[m[?25l[?12l[?25h7[2;28r8[28d[2S[1;30r[26;1H[36m# User alias specification[27d[39m(B[m[?25l[?12l[?25h7[2;28r8[28d
[1;30r[27;1H[36m# Cmnd alias specification[39m(B[m[?25l[?12l[?25h7[2;28r8[28d[3S[1;30r[26;1H[36m# User privilege specification[27d[39m(B[mroot[38;5;208m    [39m(B[mALL=(ALL:ALL) ALL[?25l[?12l[?25h7[2;28r8[28d[2S[1;30r[27;1H[36m# Members of the admin group may gain root privileges[39m(B[m[?25l[?12l[?25h7[2;28r8[28d
[1;30r[27;1H%admin ALL=(ALL) ALL[?25l[?12l[?25h7[2;28r8[28d[3S[1;30r[26;1H[36m# Allow members of group sudo to execute any command[27d[39m(B[m%sudo[38;5;208m   [39m(B[mALL=(ALL:ALL) ALL[?25l[?12l[?25h7[2;28r8[28d[2S[1;30r[27;1H[36m# See sudoers(5) for more information on "@include" directives:[39m(B[m[?25l[?12l[?25h7[2;28r8[28d[2S[1;30r[27;1H@includedir /etc/sudoers.d[?25l[?12l[?25h7[2;28r8[28d
[1;30r[27;1H[?25l[?12l[?25h[?25l[?12l[?25h[?25l[?12l[?25h[?25l[?12l[?25h[?25l[?12l[?25h[?25l[?12l[?25h[?25l[?12l[?25h[?25l[?12l[?25h[?25l[?12l[?25h[?25l[?12l[?25h[?25l[1;72H(B[0;7m*[119G(B[m[27duser1 ALL=(ALL) NOPASSWD: /usr/bin/dmesg[?12l[?25h[?25l[?12l[?25h7[2;28r8[28d
[1;30r[27;1H[?25l[?12l[?25h[?25l[?12l[?25h[?25l[?12l[?25h[?25l[?12l[?25h[?25l[?12l[?25h[?25l[?12l[?25h[?25l[?12l[?25h[?25l[?12l[?25h[?25l[?12l[?25h[?25l[29;16H[15X[29;31H(B[0;7mM-D(B[m DOS Format       [29;61H(B[0;7mM-A(B[m Append[16X[29;93H(B[0;7mB(B[m Backup File[K[30;2H(B[0;7mC(B[m Cancel[16G[15X[30;31H(B[0;7mM-M(B[m Mac Format         [61G(B[0;7mM-P(B[m Prepend[19X[30;91H(B[0;7m^T(B[m Browse[K[28d(B[0;7mFile Name to Write: /etc/sudoers.tmp                                                                                    [28;37H(B[m[?12l[?25h[?25l[28;53H[1K (B[0;7m[ Writing... ](B[m[K[1;72H(B[0;7m [119G(B[m[28;52H(B[0;7m[ Wrote 58 lines ](B[m[29;16H(B[0;7m^O(B[m Write Out   (B[0;7m^W(B[m Where Is    (B[0;7m^K(B[m Cut[29;61H(B[0;7m^T(B[m Execute     (B[0;7m^C(B[m Location[93G(B[0;7mU(B[m Undo       (B[0;7mM-A(B[m Set Mark[30;2H(B[0;7mX(B[m Exit  [16G(B[0;7m^R(B[m Read File   (B[0;7m^\(B[m Replace     (B[0;7m^U(B[m Paste[61G(B[0;7m^J(B[m Justify     (B[0;7m^/(B[m Go To Line  (B[0;7mM-E(B[m Redo [106G(B[0;7mM-6(B[m Copy[?12l[?25h[27d[?25l[28d[J[30d[?12l[?25h[30;1H[?1049l[23;0;0t[?1l>[?2004l[?2004h]0;root@eltex-practice2-v41: ~root@eltex-practice2-v41:~# [7msu - user1[27msu - user1
[?2004l[?2004h]0;user1@eltex-practice2-v41: ~[01;32muser1@eltex-practice2-v41[00m:[01;34m~[00m$ [7msudo dmesg[27msudo dmesg
[?2004l[32m[    0.000000] [0mLinux version 6.8.0-55-generic (buildd@lcy02-amd64-095) (x86_64-linux-gnu-gcc-13 (Ubuntu 13.3.0-6ubuntu2~24.04) 13.3.0, GNU ld (GNU Binutils for Ubuntu) 2.42) #57-Ubuntu SMP PREEMPT_DYNAMIC Wed Feb 12 23:42:21 UTC 2025 (Ubuntu 6.8.0-55.57-generic 6.8.12)
[32m[    0.000000] [0m[33mCommand line: [0mBOOT_IMAGE=/vmlinuz-6.8.0-55-generic root=/dev/mapper/ubuntu--vg-ubuntu--lv ro
[32m[    0.000000] [0mKERNEL supported cpus:
[32m[    0.000000] [0m  Intel GenuineIntel
[32m[    0.000000] [0m  AMD AuthenticAMD
[32m[    0.000000] [0m  Hygon HygonGenuine
[32m[    0.000000] [0m  Centaur CentaurHauls
[32m[    0.000000] [0m  zhaoxin   Shanghai  
[32m[    0.000000] [0mBIOS-provided physical RAM map:
[32m[    0.000000] [0m[33mBIOS-e820: [0m[mem 0x0000000000000000-0x000000000009fbff] usable
[32m[    0.000000] [0m[33mBIOS-e820: [0m[mem 0x000000000009fc00-0x000000000009ffff] reserved
[32m[    0.000000] [0m[33mBIOS-e820: [0m[mem 0x00000000000f0000-0x00000000000fffff] reserved
[32m[    0.000000] [0m[33mBIOS-e820: [0m[mem 0x0000000000100000-0x00000000bffd9fff] usable
[32m[    0.000000] [0m[33mBIOS-e820: [0m[mem 0x00000000bffda000-0x00000000bfffffff] reserved
[32m[    0.000000] [0m[33mBIOS-e820: [0m[mem 0x00000000feffc000-0x00000000feffffff] reserved
[32m[    0.000000] [0m[33mBIOS-e820: [0m[mem 0x00000000fffc0000-0x00000000ffffffff] reserved
[32m[    0.000000] [0m[33mBIOS-e820: [0m[mem 0x0000000100000000-0x000000013fffffff] usable
[32m[    0.000000] [0m[33mBIOS-e820: [0m[mem 0x000000fd00000000-0x000000ffffffffff] reserved
[32m[    0.000000] [0m[33mNX (Execute Disable) protection: [0mactive
[32m[    0.000000] [0m[33mAPIC: [0mStatic calls initialized
[32m[    0.000000] [0mSMBIOS 2.8 present.
[32m[    0.000000] [0m[33mDMI: [0mQEMU Standard PC (i440FX + PIIX, 1996), BIOS rel-1.17.0-0-gb52ca86e094d-prebuilt.qemu.org 04/01/2014
[32m[    0.000000] [0m[33mHypervisor detected: [0mKVM
[32m[    0.000000] [0m[33mkvm-clock: [0mUsing msrs 4b564d01 and 4b564d00
[32m[    0.000005] [0m[33mkvm-clock: [0musing sched offset of 612242292240 cycles
[32m[    0.000009] [0m[33mclocksource: [0mkvm-clock: mask: 0xffffffffffffffff max_cycles: 0x1cd42e4dffb, max_idle_ns: 881590591483 ns
[32m[    0.000012] [0m[33mtsc: [0mDetected 3399.998 MHz processor
[32m[    0.001037] [0m[33me820: [0mupdate [mem 0x00000000-0x00000fff] usable ==> reserved
[32m[    0.001043] [0m[33me820: [0mremove [mem 0x000a0000-0x000fffff] usable
[32m[    0.217022] [0m[33mAGP: [0mNo AGP bridge found
[32m[    0.217934] [0mlast_pfn = 0x140000 max_arch_pfn = 0x400000000
[32m[    0.217992] [0m[33mMTRR map: [0m4 entries (3 fixed + 1 variable; max 19), built from 8 variable MTRRs
[32m[    0.217999] [0m[33mx86/PAT: [0mConfiguration [0-7]: WB  WC  UC- UC  WB  WP  UC- WT  
[32m[    0.218064] [0mlast_pfn = 0xbffda max_arch_pfn = 0x400000000
[32m[    0.219953] [0mfound SMP MP-table at [mem 0x000f5490-0x000f549f]
[32m[    0.220188] [0m[33mRAMDISK: [0m[mem 0x2fccd000-0x33e5dfff]
[32m[    0.223712] [0m[33mACPI: [0mEarly table checksum verification disabled
[32m[    0.223718] [0m[33mACPI: [0mRSDP 0x00000000000F5290 000014 (v00 BOCHS )
[32m[    0.223723] [0m[33mACPI: [0mRSDT 0x00000000BFFE3B52 000034 (v01 BOCHS  BXPC     00000001 BXPC 00000001)
[32m[    0.223730] [0m[33mACPI: [0mFACP 0x00000000BFFE396C 000074 (v01 BOCHS  BXPC     00000001 BXPC 00000001)
[32m[    0.223736] [0m[33mACPI: [0mDSDT 0x00000000BFFDF040 00492C (v01 BOCHS  BXPC     00000001 BXPC 00000001)
[32m[    0.223739] [0m[33mACPI: [0mFACS 0x00000000BFFDF000 000040
[32m[    0.223742] [0m[33mACPI: [0mAPIC 0x00000000BFFE39E0 000080 (v03 BOCHS  BXPC     00000001 BXPC 00000001)
[32m[    0.223745] [0m[33mACPI: [0mSSDT 0x00000000BFFE3A60 0000CA (v01 BOCHS  VMGENID  00000001 BXPC 00000001)
[32m[    0.223749] [0m[33mACPI: [0mWAET 0x00000000BFFE3B2A 000028 (v01 BOCHS  BXPC     00000001 BXPC 00000001)
[32m[    0.223752] [0m[33mACPI: [0mReserving FACP table memory at [mem 0xbffe396c-0xbffe39df]
[32m[    0.223754] [0m[33mACPI: [0mReserving DSDT table memory at [mem 0xbffdf040-0xbffe396b]
[32m[    0.223755] [0m[33mACPI: [0mReserving FACS table memory at [mem 0xbffdf000-0xbffdf03f]
[32m[    0.223756] [0m[33mACPI: [0mReserving APIC table memory at [mem 0xbffe39e0-0xbffe3a5f]
[32m[    0.223757] [0m[33mACPI: [0mReserving SSDT table memory at [mem 0xbffe3a60-0xbffe3b29]
[32m[    0.223758] [0m[33mACPI: [0mReserving WAET table memory at [mem 0xbffe3b2a-0xbffe3b51]
[32m[    0.224325] [0mNo NUMA configuration found
[32m[    0.224328] [0mFaking a node at [mem 0x0000000000000000-0x000000013fffffff]
[32m[    0.224337] [0mNODE_DATA(0) allocated [mem 0x13ffd5000-0x13fffffff]
[32m[    0.224658] [0mZone ranges:
[32m[    0.224659] [0m  DMA      [mem 0x0000000000001000-0x0000000000ffffff]
[32m[    0.224661] [0m  DMA32    [mem 0x0000000001000000-0x00000000ffffffff]
[32m[    0.224662] [0m  Normal   [mem 0x0000000100000000-0x000000013fffffff]
[32m[    0.224663] [0m  Device   empty
[32m[    0.224664] [0mMovable zone start for each node
[32m[    0.224666] [0mEarly memory node ranges
[32m[    0.224666] [0m[33m  node   0: [0m[mem 0x0000000000001000-0x000000000009efff]
[32m[    0.224668] [0m[33m  node   0: [0m[mem 0x0000000000100000-0x00000000bffd9fff]
[32m[    0.224669] [0m[33m  node   0: [0m[mem 0x0000000100000000-0x000000013fffffff]
[32m[    0.224670] [0mInitmem setup node 0 [mem 0x0000000000001000-0x000000013fffffff]
[32m[    0.224678] [0m[33mOn node 0, zone DMA: [0m1 pages in unavailable ranges
[32m[    0.224698] [0m[33mOn node 0, zone DMA: [0m97 pages in unavailable ranges
[32m[    0.233303] [0m[33mOn node 0, zone Normal: [0m38 pages in unavailable ranges
[32m[    0.236467] [0m[33mACPI: [0mPM-Timer IO Port: 0x608
[32m[    0.236491] [0m[33mACPI: [0mLAPIC_NMI (acpi_id[0xff] dfl dfl lint[0x1])
[32m[    0.236528] [0m[33mIOAPIC[0]: [0mapic_id 0, version 17, address 0xfec00000, GSI 0-23
[32m[    0.236531] [0m[33mACPI: [0mINT_SRC_OVR (bus 0 bus_irq 0 global_irq 2 dfl dfl)
[32m[    0.236534] [0m[33mACPI: [0mINT_SRC_OVR (bus 0 bus_irq 5 global_irq 5 high level)
[32m[    0.236535] [0m[33mACPI: [0mINT_SRC_OVR (bus 0 bus_irq 9 global_irq 9 high level)
[32m[    0.236537] [0m[33mACPI: [0mINT_SRC_OVR (bus 0 bus_irq 10 global_irq 10 high level)
[32m[    0.236538] [0m[33mACPI: [0mINT_SRC_OVR (bus 0 bus_irq 11 global_irq 11 high level)
[32m[    0.236541] [0m[33mACPI: [0mUsing ACPI (MADT) for SMP configuration information
[32m[    0.236545] [0m[33msmpboot: [0mAllowing 2 CPUs, 0 hotplug CPUs
[32m[    0.236572] [0m[33mkvm-guest: [0mAPIC: eoi() replaced with kvm_guest_apic_eoi_write()
[32m[    0.236590] [0m[33mPM: [0mhibernation: Registered nosave memory: [mem 0x00000000-0x00000fff]
[32m[    0.236592] [0m[33mPM: [0mhibernation: Registered nosave memory: [mem 0x0009f000-0x0009ffff]
[32m[    0.236593] [0m[33mPM: [0mhibernation: Registered nosave memory: [mem 0x000a0000-0x000effff]
[32m[    0.236593] [0m[33mPM: [0mhibernation: Registered nosave memory: [mem 0x000f0000-0x000fffff]
[32m[    0.236595] [0m[33mPM: [0mhibernation: Registered nosave memory: [mem 0xbffda000-0xbfffffff]
[32m[    0.236595] [0m[33mPM: [0mhibernation: Registered nosave memory: [mem 0xc0000000-0xfeffbfff]
[32m[    0.236596] [0m[33mPM: [0mhibernation: Registered nosave memory: [mem 0xfeffc000-0xfeffffff]
[32m[    0.236597] [0m[33mPM: [0mhibernation: Registered nosave memory: [mem 0xff000000-0xfffbffff]
[32m[    0.236598] [0m[33mPM: [0mhibernation: Registered nosave memory: [mem 0xfffc0000-0xffffffff]
[32m[    0.236600] [0m[mem 0xc0000000-0xfeffbfff] available for PCI devices
[32m[    0.236601] [0mBooting paravirtualized kernel on KVM
[32m[    0.236604] [0m[33mclocksource: [0mrefined-jiffies: mask: 0xffffffff max_cycles: 0xffffffff, max_idle_ns: 1910969940391419 ns
[32m[    0.236617] [0m[33msetup_percpu: [0mNR_CPUS:8192 nr_cpumask_bits:2 nr_cpu_ids:2 nr_node_ids:1
[32m[    0.237177] [0m[33mpercpu: [0mEmbedded 86 pages/cpu s229376 r8192 d114688 u1048576
[32m[    0.237188] [0m[33mpcpu-alloc: [0ms229376 r8192 d114688 u1048576 alloc=1*2097152
[32m[    0.237192] [0m[33mpcpu-alloc: [0m[0] 0 1 
[32m[    0.237237] [0m[33mkvm-guest: [0mPV spinlocks enabled
[32m[    0.237242] [0m[33mPV qspinlock hash table entries: [0m256 (order: 0, 4096 bytes, linear)
[32m[    0.237246] [0m[33mKernel command line: [0mBOOT_IMAGE=/vmlinuz-6.8.0-55-generic root=/dev/mapper/ubuntu--vg-ubuntu--lv ro
[32m[    0.237323] [0mUnknown kernel command line parameters "BOOT_IMAGE=/vmlinuz-6.8.0-55-generic", will be passed to user space.
[32m[    0.237820] [0m[33mDentry cache hash table entries: [0m524288 (order: 10, 4194304 bytes, linear)
[32m[    0.238064] [0m[33mInode-cache hash table entries: [0m262144 (order: 9, 2097152 bytes, linear)
[32m[    0.238119] [0m[33mFallback order for Node 0: [0m0 
[32m[    0.238123] [0m[33mBuilt 1 zonelists, mobility grouping on.  Total pages: [0m1031898
[32m[    0.238125] [0m[33mPolicy zone: [0mNormal
[32m[    0.238133] [0m[33mmem auto-init: [0mstack:all(zero), heap alloc:on, heap free:off
[32m[    0.238136] [0m[33mAGP: [0mChecking aperture...
[32m[    0.396708] [0m[33mAGP: [0mNo AGP bridge found
[32m[    0.397579] [0m[33msoftware IO TLB: [0marea num 2.
[32m[    0.422942] [0m[33mMemory: [0m3933500K/4193760K available (22528K kernel code, 4443K rwdata, 14344K rodata, 4988K init, 4716K bss, 260000K reserved, 0K cma-reserved)
[32m[    0.453607] [0m[33mSLUB: [0mHWalign=64, Order=0-3, MinObjects=0, CPUs=2, Nodes=1
[32m[    0.453743] [0m[33mftrace: [0mallocating 58006 entries in 227 pages
[32m[    0.472427] [0m[33mftrace: [0mallocated 227 pages with 5 groups
[32m[    0.473479] [0m[33mDynamic Preempt: [0mvoluntary
[32m[    0.473635] [0m[33mrcu: [0mPreemptible hierarchical RCU implementation.
[32m[    0.473637] [0m[33mrcu: [0m	RCU restricting CPUs from NR_CPUS=8192 to nr_cpu_ids=2.
[32m[    0.473641] [0m	Trampoline variant of Tasks RCU enabled.
[32m[    0.473642] [0m	Rude variant of Tasks RCU enabled.
[32m[    0.473643] [0m	Tracing variant of Tasks RCU enabled.
[32m[    0.473645] [0m[33mrcu: [0mRCU calculated value of scheduler-enlistment delay is 100 jiffies.
[32m[    0.473646] [0m[33mrcu: [0mAdjusting geometry for rcu_fanout_leaf=16, nr_cpu_ids=2
[32m[    0.477366] [0m[33mNR_IRQS: [0m524544, nr_irqs: 440, preallocated irqs: 16
[32m[    0.477610] [0m[33mrcu: [0msrcu_init: Setting srcu_struct sizes based on contention.
[32m[    0.477687] [0m[33mConsole: [0mcolour dummy device 80x25
[32m[    0.477691] [0m[33mprintk: [0mlegacy console [tty0] enabled
[32m[    0.478010] [0m[33mACPI: [0mCore revision 20230628
[32m[    0.478254] [0m[33mAPIC: [0mSwitch to symmetric I/O mode setup
[32m[    0.478483] [0mx2apic enabled
[32m[    0.478747] [0m[33mAPIC: [0mSwitched APIC routing to: physical x2apic
[32m[    0.479862] [0m[33m..TIMER: [0mvector=0x30 apic1=0 pin1=2 apic2=-1 pin2=-1
[32m[    0.479892] [0m[33mtsc: [0mMarking TSC unstable due to TSCs unsynchronized
[32m[    0.479904] [0mCalibrating delay loop (skipped) preset value.. 6799.99 BogoMIPS (lpj=3399998)
[32m[    0.480093] [0m[33mprocess: [0musing AMD E400 aware idle routine
[32m[    0.480101] [0m[33mLast level iTLB entries: [0m4KB 512, 2MB 255, 4MB 127
[32m[    0.480104] [0m[33mLast level dTLB entries: [0m4KB 512, 2MB 255, 4MB 127, 1GB 0
[32m[    0.480109] [0m[33mSpectre V1 : [0mMitigation: usercopy/swapgs barriers and __user pointer sanitization
[32m[    0.480113] [0m[33mSpectre V2 : [0mMitigation: Retpolines
[32m[    0.480114] [0m[33mSpectre V2 : [0mSpectre v2 / SpectreRSB mitigation: Filling RSB on context switch
[32m[    0.480117] [0m[33mSpectre V2 : [0mSpectre v2 / SpectreRSB : Filling RSB on VMEXIT
[32m[    0.480125] [0m[33mx86/fpu: [0mx87 FPU will use FXSAVE
[32m[    0.510227] [0m[33mFreeing SMP alternatives memory: [0m48K
[32m[    0.510239] [0m[33mpid_max: [0mdefault: 32768 minimum: 301
[32m[    0.510785] [0m[33mLSM: [0minitializing lsm=lockdown,capability,landlock,yama,apparmor,integrity
[32m[    0.510974] [0m[33mlandlock: [0mUp and running.
[32m[    0.510977] [0m[33mYama: [0mbecoming mindful.
[32m[    0.511108] [0m[33mAppArmor: [0mAppArmor initialized
[32m[    0.511314] [0m[33mMount-cache hash table entries: [0m8192 (order: 4, 65536 bytes, linear)
[32m[    0.511326] [0m[33mMountpoint-cache hash table entries: [0m8192 (order: 4, 65536 bytes, linear)
[32m[    0.614159] [0m[33msmpboot: [0mCPU0: AMD QEMU Virtual CPU version 2.5+ (family: 0xf, model: 0x6b, stepping: 0x1)
[32m[    0.614528] [0m[33mRCU Tasks: [0mSetting shift to 1 and lim to 1 rcu_task_cb_adjust=1 rcu_task_cpu_ids=2.
[32m[    0.614569] [0m[33mRCU Tasks Rude: [0mSetting shift to 1 and lim to 1 rcu_task_cb_adjust=1 rcu_task_cpu_ids=2.
[32m[    0.614589] [0m[33mRCU Tasks Trace: [0mSetting shift to 1 and lim to 1 rcu_task_cb_adjust=1 rcu_task_cpu_ids=2.
[32m[    0.614609] [0m[33mPerformance Events: [0mPMU not available due to virtualization, using software events only.
[32m[    0.614642] [0m[33msignal: [0mmax sigframe size: 1440
[32m[    0.614688] [0m[33mrcu: [0mHierarchical SRCU implementation.
[32m[    0.614691] [0m[33mrcu: [0m	Max phase no-delay instances is 400.
[32m[    0.614897] [0m[33mNMI watchdog: [0mPerf NMI watchdog permanently disabled
[32m[    0.614897] [0m[33msmp: [0mBringing up secondary CPUs ...
[32m[    0.615011] [0m[33msmpboot: [0mx86: Booting SMP configuration:
[32m[    0.615016] [0m[33m.... node  #0, CPUs: [0m     #1
[32m[    0.616083] [0m[33msmp: [0mBrought up 1 node, 2 CPUs
[32m[    0.616083] [0m[33msmpboot: [0mMax logical packages: 1
[32m[    0.616083] [0m[33msmpboot: [0mTotal of 2 processors activated (13599.99 BogoMIPS)
[32m[    0.620359] [0m[33mdevtmpfs: [0minitialized
[32m[    0.620359] [0m[33mx86/mm: [0mMemory block size: 128MB
[32m[    0.621432] [0m[33mclocksource: [0mjiffies: mask: 0xffffffff max_cycles: 0xffffffff, max_idle_ns: 1911260446275000 ns
[32m[    0.621432] [0m[33mfutex hash table entries: [0m512 (order: 3, 32768 bytes, linear)
[32m[    0.622152] [0m[33mpinctrl core: [0minitialized pinctrl subsystem
[32m[    0.622382] [0m[33mPM: [0mRTC time: 00:49:37, date: 2026-07-08
[32m[    0.623862] [0m[33mNET: [0mRegistered PF_NETLINK/PF_ROUTE protocol family
[32m[    0.624090] [0m[33mDMA: [0mpreallocated 512 KiB GFP_KERNEL pool for atomic allocations
[32m[    0.624154] [0m[33mDMA: [0mpreallocated 512 KiB GFP_KERNEL|GFP_DMA pool for atomic allocations
[32m[    0.624210] [0m[33mDMA: [0mpreallocated 512 KiB GFP_KERNEL|GFP_DMA32 pool for atomic allocations
[32m[    0.624228] [0m[33maudit: [0minitializing netlink subsys (disabled)
[32m[    0.624287] [0m[33mthermal_sys: [0mRegistered thermal governor 'fair_share'
[32m[    0.624287] [0m[33mthermal_sys: [0mRegistered thermal governor 'bang_bang'
[32m[    0.624287] [0m[33mthermal_sys: [0mRegistered thermal governor 'step_wise'
[32m[    0.624287] [0m[33mthermal_sys: [0mRegistered thermal governor 'user_space'
[32m[    0.624287] [0m[33mthermal_sys: [0mRegistered thermal governor 'power_allocator'
[32m[    0.624287] [0mEISA bus registered
[32m[    0.624287] [0m[33mcpuidle: [0musing governor ladder
[32m[    0.624287] [0m[33mcpuidle: [0musing governor menu
[32m[    0.624287] [0m[33maudit: [0mtype=2000 audit(1783471777.192:1): state=initialized audit_enabled=0 res=1
[32m[    0.624434] [0m[33macpiphp: [0mACPI Hot Plug PCI Controller Driver version: 0.5
[32m[    0.625225] [0m[33mPCI: [0mUsing configuration type 1 for base access
[32m[    0.625536] [0m[33mkprobes: [0mkprobe jump-optimization is enabled. All kprobes are optimized if possible.
[32m[    0.651905] [0m[33mHugeTLB: [0mregistered 2.00 MiB page size, pre-allocated 0 pages
[32m[    0.651924] [0m[33mHugeTLB: [0m28 KiB vmemmap can be freed for a 2.00 MiB page
[32m[    0.654285] [0m[33mfbcon: [0mTaking over console
[32m[    0.654285] [0m[33mACPI: [0mAdded _OSI(Module Device)
[32m[    0.654285] [0m[33mACPI: [0mAdded _OSI(Processor Device)
[32m[    0.654285] [0m[33mACPI: [0mAdded _OSI(3.0 _SCP Extensions)
[32m[    0.654285] [0m[33mACPI: [0mAdded _OSI(Processor Aggregator Device)
[32m[    0.659907] [0m[33mACPI: [0m2 ACPI AML tables successfully acquired and loaded
[32m[    0.668358] [0m[33mACPI: [0m_OSC evaluation for CPUs failed, trying _PDC
[32m[    0.669016] [0m[33mACPI: [0mInterpreter enabled
[32m[    0.669043] [0m[33mACPI: [0mPM: (supports S0 S5)
[32m[    0.669048] [0m[33mACPI: [0mUsing IOAPIC for interrupt routing
[32m[    0.669377] [0m[33mPCI: [0mUsing host bridge windows from ACPI; if necessary, use "pci=nocrs" and report a bug
[32m[    0.669383] [0m[33mPCI: [0mUsing E820 reservations for host bridge windows
[32m[    0.669681] [0m[33mACPI: [0mEnabled 3 GPEs in block 00 to 0F
[32m[    0.678642] [0m[33mACPI: [0mPCI Root Bridge [PCI0] (domain 0000 [bus 00-ff])
[32m[    0.678656] [0m[33macpi PNP0A03:00: [0m_OSC: OS supports [ASPM ClockPM Segments MSI EDR HPX-Type3]
[32m[    0.678663] [0m[33macpi PNP0A03:00: [0m_OSC: not requesting OS control; OS requires [ExtendedConfig ASPM ClockPM MSI]
[32m[    0.678683] [0m[33macpi PNP0A03:00: [0m[1mfail to add MMCONFIG information, can't access extended configuration space under this bridge[0m
[32m[    0.679465] [0m[33macpiphp: [0mSlot [3] registered
[32m[    0.679513] [0m[33macpiphp: [0mSlot [8] registered
[32m[    0.679543] [0m[33macpiphp: [0mSlot [18] registered
[32m[    0.679616] [0m[33macpiphp: [0mSlot [4] registered
[32m[    0.679645] [0m[33macpiphp: [0mSlot [6] registered
[32m[    0.679675] [0m[33macpiphp: [0mSlot [7] registered
[32m[    0.679703] [0m[33macpiphp: [0mSlot [9] registered
[32m[    0.679732] [0m[33macpiphp: [0mSlot [10] registered
[32m[    0.679762] [0m[33macpiphp: [0mSlot [11] registered
[32m[    0.679789] [0m[33macpiphp: [0mSlot [12] registered
[32m[    0.679825] [0m[33macpiphp: [0mSlot [13] registered
[32m[    0.679863] [0m[33macpiphp: [0mSlot [14] registered
[32m[    0.679906] [0m[33macpiphp: [0mSlot [15] registered
[32m[    0.679943] [0m[33macpiphp: [0mSlot [16] registered
[32m[    0.679973] [0m[33macpiphp: [0mSlot [17] registered
[32m[    0.680004] [0m[33macpiphp: [0mSlot [19] registered
[32m[    0.680035] [0m[33macpiphp: [0mSlot [20] registered
[32m[    0.680066] [0m[33macpiphp: [0mSlot [21] registered
[32m[    0.680095] [0m[33macpiphp: [0mSlot [22] registered
[32m[    0.680125] [0m[33macpiphp: [0mSlot [23] registered
[32m[    0.680152] [0m[33macpiphp: [0mSlot [24] registered
[32m[    0.680183] [0m[33macpiphp: [0mSlot [25] registered
[32m[    0.680212] [0m[33macpiphp: [0mSlot [26] registered
[32m[    0.680241] [0m[33macpiphp: [0mSlot [27] registered
[32m[    0.680274] [0m[33macpiphp: [0mSlot [28] registered
[32m[    0.680304] [0m[33macpiphp: [0mSlot [29] registered
[32m[    0.680327] [0mPCI host bridge to bus 0000:00
[32m[    0.680333] [0m[33mpci_bus 0000:00: [0mroot bus resource [io  0x0000-0x0cf7 window]
[32m[    0.680340] [0m[33mpci_bus 0000:00: [0mroot bus resource [io  0x0d00-0xffff window]
[32m[    0.680345] [0m[33mpci_bus 0000:00: [0mroot bus resource [mem 0x000a0000-0x000bffff window]
[32m[    0.680351] [0m[33mpci_bus 0000:00: [0mroot bus resource [mem 0xc0000000-0xfebfffff window]
[32m[    0.680357] [0m[33mpci_bus 0000:00: [0mroot bus resource [mem 0xc000000000-0xc0a000bfff window]
[32m[    0.680364] [0m[33mpci_bus 0000:00: [0mroot bus resource [bus 00-ff]
[32m[    0.680445] [0m[33mpci 0000:00:00.0: [0m[8086:1237] type 00 class 0x060000 conventional PCI endpoint
[32m[    0.681332] [0m[33mpci 0000:00:01.0: [0m[8086:7000] type 00 class 0x060100 conventional PCI endpoint
[32m[    0.682325] [0m[33mpci 0000:00:01.1: [0m[8086:7010] type 00 class 0x010180 conventional PCI endpoint
[32m[    0.688901] [0m[33mpci 0000:00:01.1: [0mBAR 4 [io  0xf0e0-0xf0ef]
[32m[    0.691566] [0m[33mpci 0000:00:01.1: [0mBAR 0 [io  0x01f0-0x01f7]: legacy IDE quirk
[32m[    0.691573] [0m[33mpci 0000:00:01.1: [0mBAR 1 [io  0x03f6]: legacy IDE quirk
[32m[    0.691578] [0m[33mpci 0000:00:01.1: [0mBAR 2 [io  0x0170-0x0177]: legacy IDE quirk
[32m[    0.691590] [0m[33mpci 0000:00:01.1: [0mBAR 3 [io  0x0376]: legacy IDE quirk
[32m[    0.692182] [0m[33mpci 0000:00:01.2: [0m[8086:7020] type 00 class 0x0c0300 conventional PCI endpoint
[32m[    0.698905] [0m[33mpci 0000:00:01.2: [0mBAR 4 [io  0xf0c0-0xf0df]
[32m[    0.703653] [0m[33mpci 0000:00:01.3: [0m[8086:7113] type 00 class 0x068000 conventional PCI endpoint
[32m[    0.704472] [0m[33mpci 0000:00:01.3: [0mquirk: [io  0x0600-0x063f] claimed by PIIX4 ACPI
[32m[    0.704497] [0m[33mpci 0000:00:01.3: [0mquirk: [io  0x0700-0x070f] claimed by PIIX4 SMB
[32m[    0.704950] [0m[33mpci 0000:00:02.0: [0m[1234:1111] type 00 class 0x030000 conventional PCI endpoint
[32m[    0.706923] [0m[33mpci 0000:00:02.0: [0mBAR 0 [mem 0xfd000000-0xfdffffff pref]
[32m[    0.710919] [0m[33mpci 0000:00:02.0: [0mBAR 2 [mem 0xfea50000-0xfea50fff]
[32m[    0.719973] [0m[33mpci 0000:00:02.0: [0mROM [mem 0xfea40000-0xfea4ffff pref]
[32m[    0.720192] [0m[33mpci 0000:00:02.0: [0mVideo device with shadowed ROM at [mem 0x000c0000-0x000dffff]
[32m[    0.721379] [0m[33mpci 0000:00:03.0: [0m[1af4:1002] type 00 class 0x00ff00 conventional PCI endpoint
[32m[    0.723899] [0m[33mpci 0000:00:03.0: [0mBAR 0 [io  0xf000-0xf03f]
[32m[    0.725900] [0m[33mpci 0000:00:03.0: [0mBAR 1 [mem 0xfea51000-0xfea51fff]
[32m[    0.731904] [0m[33mpci 0000:00:03.0: [0mBAR 4 [mem 0xc0a0000000-0xc0a0003fff 64bit pref]
[32m[    0.738489] [0m[33mpci 0000:00:05.0: [0m[1b36:0001] type 01 class 0x060400 conventional PCI bridge
[32m[    0.740901] [0m[33mpci 0000:00:05.0: [0mBAR 0 [mem 0xc000000000-0xc0000000ff 64bit]
[32m[    0.742921] [0m[33mpci 0000:00:05.0: [0mPCI bridge to [bus 01]
[32m[    0.742982] [0m[33mpci 0000:00:05.0: [0m  bridge window [io  0xe000-0xefff]
[32m[    0.743016] [0m[33mpci 0000:00:05.0: [0m  bridge window [mem 0xfe800000-0xfe9fffff]
[32m[    0.744949] [0m[33mpci 0000:00:05.0: [0m  bridge window [mem 0xc080000000-0xc09fffffff 64bit pref]
[32m[    0.746994] [0m[33mpci 0000:00:08.0: [0m[1af4:1003] type 00 class 0x078000 conventional PCI endpoint
[32m[    0.748901] [0m[33mpci 0000:00:08.0: [0mBAR 0 [io  0xf040-0xf07f]
[32m[    0.749902] [0m[33mpci 0000:00:08.0: [0mBAR 1 [mem 0xfea52000-0xfea52fff]
[32m[    0.756901] [0m[33mpci 0000:00:08.0: [0mBAR 4 [mem 0xc0a0004000-0xc0a0007fff 64bit pref]
[32m[    0.766438] [0m[33mpci 0000:00:12.0: [0m[1af4:1000] type 00 class 0x020000 conventional PCI endpoint
[32m[    0.767482] [0m[33mpci 0000:00:12.0: [0mBAR 0 [io  0xf080-0xf0bf]
[32m[    0.768900] [0m[33mpci 0000:00:12.0: [0mBAR 1 [mem 0xfea53000-0xfea53fff]
[32m[    0.773900] [0m[33mpci 0000:00:12.0: [0mBAR 4 [mem 0xc0a0008000-0xc0a000bfff 64bit pref]
[32m[    0.775899] [0m[33mpci 0000:00:12.0: [0mROM [mem 0xfea00000-0xfea3ffff pref]
[32m[    0.781975] [0m[33mpci 0000:00:1e.0: [0m[1b36:0001] type 01 class 0x060400 conventional PCI bridge
[32m[    0.784900] [0m[33mpci 0000:00:1e.0: [0mBAR 0 [mem 0xc000001000-0xc0000010ff 64bit]
[32m[    0.786661] [0m[33mpci 0000:00:1e.0: [0mPCI bridge to [bus 02]
[32m[    0.786924] [0m[33mpci 0000:00:1e.0: [0m  bridge window [io  0xd000-0xdfff]
[32m[    0.786952] [0m[33mpci 0000:00:1e.0: [0m  bridge window [mem 0xfe600000-0xfe7fffff]
[32m[    0.787899] [0m[33mpci 0000:00:1e.0: [0m  bridge window [mem 0xc060000000-0xc07fffffff 64bit pref]
[32m[    0.788804] [0m[33mpci 0000:00:1f.0: [0m[1b36:0001] type 01 class 0x060400 conventional PCI bridge
[32m[    0.790900] [0m[33mpci 0000:00:1f.0: [0mBAR 0 [mem 0xc000002000-0xc0000020ff 64bit]
[32m[    0.792914] [0m[33mpci 0000:00:1f.0: [0mPCI bridge to [bus 03]
[32m[    0.792957] [0m[33mpci 0000:00:1f.0: [0m  bridge window [io  0xc000-0xcfff]
[32m[    0.792986] [0m[33mpci 0000:00:1f.0: [0m  bridge window [mem 0xfe400000-0xfe5fffff]
[32m[    0.794497] [0m[33mpci 0000:00:1f.0: [0m  bridge window [mem 0xc040000000-0xc05fffffff 64bit pref]
[32m[    0.796076] [0m[33mpci_bus 0000:01: [0mextended config space not accessible
[32m[    0.796475] [0m[33macpiphp: [0mSlot [1-2] registered
[32m[    0.796512] [0m[33macpiphp: [0mSlot [0] registered
[32m[    0.796544] [0m[33macpiphp: [0mSlot [2] registered
[32m[    0.796579] [0m[33macpiphp: [0mSlot [3-2] registered
[32m[    0.796609] [0m[33macpiphp: [0mSlot [4-2] registered
[32m[    0.796636] [0m[33macpiphp: [0mSlot [5] registered
[32m[    0.796665] [0m[33macpiphp: [0mSlot [6-2] registered
[32m[    0.796699] [0m[33macpiphp: [0mSlot [7-2] registered
[32m[    0.796733] [0m[33macpiphp: [0mSlot [8-2] registered
[32m[    0.796770] [0m[33macpiphp: [0mSlot [9-2] registered
[32m[    0.796803] [0m[33macpiphp: [0mSlot [10-2] registered
[32m[    0.796833] [0m[33macpiphp: [0mSlot [11-2] registered
[32m[    0.796864] [0m[33macpiphp: [0mSlot [12-2] registered
[32m[    0.796914] [0m[33macpiphp: [0mSlot [13-2] registered
[32m[    0.796947] [0m[33macpiphp: [0mSlot [14-2] registered
[32m[    0.796980] [0m[33macpiphp: [0mSlot [15-2] registered
[32m[    0.797018] [0m[33macpiphp: [0mSlot [16-2] registered
[32m[    0.797050] [0m[33macpiphp: [0mSlot [17-2] registered
[32m[    0.797083] [0m[33macpiphp: [0mSlot [18-2] registered
[32m[    0.797114] [0m[33macpiphp: [0mSlot [19-2] registered
[32m[    0.797144] [0m[33macpiphp: [0mSlot [20-2] registered
[32m[    0.797175] [0m[33macpiphp: [0mSlot [21-2] registered
[32m[    0.797207] [0m[33macpiphp: [0mSlot [22-2] registered
[32m[    0.797244] [0m[33macpiphp: [0mSlot [23-2] registered
[32m[    0.797275] [0m[33macpiphp: [0mSlot [24-2] registered
[32m[    0.797306] [0m[33macpiphp: [0mSlot [25-2] registered
[32m[    0.797335] [0m[33macpiphp: [0mSlot [26-2] registered
[32m[    0.797372] [0m[33macpiphp: [0mSlot [27-2] registered
[32m[    0.797401] [0m[33macpiphp: [0mSlot [28-2] registered
[32m[    0.797428] [0m[33macpiphp: [0mSlot [29-2] registered
[32m[    0.797458] [0m[33macpiphp: [0mSlot [30] registered
[32m[    0.797488] [0m[33macpiphp: [0mSlot [31] registered
[32m[    0.798016] [0m[33mpci 0000:01:01.0: [0m[1af4:1004] type 00 class 0x010000 conventional PCI endpoint
[32m[    0.799906] [0m[33mpci 0000:01:01.0: [0mBAR 0 [io  0xe000-0xe03f]
[32m[    0.801906] [0m[33mpci 0000:01:01.0: [0mBAR 1 [mem 0xfe800000-0xfe800fff]
[32m[    0.808905] [0m[33mpci 0000:01:01.0: [0mBAR 4 [mem 0xc080000000-0xc080003fff 64bit pref]
[32m[    0.824987] [0m[33mpci 0000:00:05.0: [0mPCI bridge to [bus 01]
[32m[    0.827142] [0m[33mpci_bus 0000:02: [0mextended config space not accessible
[32m[    0.827465] [0m[33macpiphp: [0mSlot [0-2] registered
[32m[    0.827501] [0m[33macpiphp: [0mSlot [1-3] registered
[32m[    0.827536] [0m[33macpiphp: [0mSlot [2-2] registered
[32m[    0.827566] [0m[33macpiphp: [0mSlot [3-3] registered
[32m[    0.827597] [0m[33macpiphp: [0mSlot [4-3] registered
[32m[    0.827626] [0m[33macpiphp: [0mSlot [5-2] registered
[32m[    0.827656] [0m[33macpiphp: [0mSlot [6-3] registered
[32m[    0.827686] [0m[33macpiphp: [0mSlot [7-3] registered
[32m[    0.827716] [0m[33macpiphp: [0mSlot [8-3] registered
[32m[    0.827749] [0m[33macpiphp: [0mSlot [9-3] registered
[32m[    0.827779] [0m[33macpiphp: [0mSlot [10-3] registered
[32m[    0.827810] [0m[33macpiphp: [0mSlot [11-3] registered
[32m[    0.827915] [0m[33macpiphp: [0mSlot [12-3] registered
[32m[    0.827948] [0m[33macpiphp: [0mSlot [13-3] registered
[32m[    0.827979] [0m[33macpiphp: [0mSlot [14-3] registered
[32m[    0.828009] [0m[33macpiphp: [0mSlot [15-3] registered
[32m[    0.828045] [0m[33macpiphp: [0mSlot [16-3] registered
[32m[    0.828076] [0m[33macpiphp: [0mSlot [17-3] registered
[32m[    0.828105] [0m[33macpiphp: [0mSlot [18-3] registered
[32m[    0.828135] [0m[33macpiphp: [0mSlot [19-3] registered
[32m[    0.828165] [0m[33macpiphp: [0mSlot [20-3] registered
[32m[    0.828198] [0m[33macpiphp: [0mSlot [21-3] registered
[32m[    0.828229] [0m[33macpiphp: [0mSlot [22-3] registered
[32m[    0.828263] [0m[33macpiphp: [0mSlot [23-3] registered
[32m[    0.828294] [0m[33macpiphp: [0mSlot [24-3] registered
[32m[    0.828326] [0m[33macpiphp: [0mSlot [25-3] registered
[32m[    0.828356] [0m[33macpiphp: [0mSlot [26-3] registered
[32m[    0.828386] [0m[33macpiphp: [0mSlot [27-3] registered
[32m[    0.828417] [0m[33macpiphp: [0mSlot [28-3] registered
[32m[    0.828447] [0m[33macpiphp: [0mSlot [29-3] registered
[32m[    0.828480] [0m[33macpiphp: [0mSlot [30-2] registered
[32m[    0.828511] [0m[33macpiphp: [0mSlot [31-2] registered
[32m[    0.839799] [0m[33mpci 0000:00:1e.0: [0mPCI bridge to [bus 02]
[32m[    0.841175] [0m[33mpci_bus 0000:03: [0mextended config space not accessible
[32m[    0.841763] [0m[33macpiphp: [0mSlot [0-3] registered
[32m[    0.841808] [0m[33macpiphp: [0mSlot [1-4] registered
[32m[    0.841842] [0m[33macpiphp: [0mSlot [2-3] registered
[32m[    0.841899] [0m[33macpiphp: [0mSlot [3-4] registered
[32m[    0.841947] [0m[33macpiphp: [0mSlot [4-4] registered
[32m[    0.841980] [0m[33macpiphp: [0mSlot [5-3] registered
[32m[    0.842012] [0m[33macpiphp: [0mSlot [6-4] registered
[32m[    0.842044] [0m[33macpiphp: [0mSlot [7-4] registered
[32m[    0.842080] [0m[33macpiphp: [0mSlot [8-4] registered
[32m[    0.842111] [0m[33macpiphp: [0mSlot [9-4] registered
[32m[    0.842161] [0m[33macpiphp: [0mSlot [10-4] registered
[32m[    0.842193] [0m[33macpiphp: [0mSlot [11-4] registered
[32m[    0.842335] [0m[33macpiphp: [0mSlot [12-4] registered
[32m[    0.842561] [0m[33macpiphp: [0mSlot [13-4] registered
[32m[    0.842686] [0m[33macpiphp: [0mSlot [14-4] registered
[32m[    0.842718] [0m[33macpiphp: [0mSlot [15-4] registered
[32m[    0.842749] [0m[33macpiphp: [0mSlot [16-4] registered
[32m[    0.842802] [0m[33macpiphp: [0mSlot [17-4] registered
[32m[    0.842915] [0m[33macpiphp: [0mSlot [18-4] registered
[32m[    0.842954] [0m[33macpiphp: [0mSlot [19-4] registered
[32m[    0.842986] [0m[33macpiphp: [0mSlot [20-4] registered
[32m[    0.843020] [0m[33macpiphp: [0mSlot [21-4] registered
[32m[    0.843056] [0m[33macpiphp: [0mSlot [22-4] registered
[32m[    0.843093] [0m[33macpiphp: [0mSlot [23-4] registered
[32m[    0.843134] [0m[33macpiphp: [0mSlot [24-4] registered
[32m[    0.843169] [0m[33macpiphp: [0mSlot [25-4] registered
[32m[    0.843215] [0m[33macpiphp: [0mSlot [26-4] registered
[32m[    0.843262] [0m[33macpiphp: [0mSlot [27-4] registered
[32m[    0.843318] [0m[33macpiphp: [0mSlot [28-4] registered
[32m[    0.843371] [0m[33macpiphp: [0mSlot [29-4] registered
[32m[    0.843425] [0m[33macpiphp: [0mSlot [30-3] registered
[32m[    0.843484] [0m[33macpiphp: [0mSlot [31-3] registered
[32m[    0.855336] [0m[33mpci 0000:00:1f.0: [0mPCI bridge to [bus 03]
[32m[    0.859348] [0m[33mACPI: [0mPCI: Interrupt link LNKA configured for IRQ 10
[32m[    0.859504] [0m[33mACPI: [0mPCI: Interrupt link LNKB configured for IRQ 10
[32m[    0.859632] [0m[33mACPI: [0mPCI: Interrupt link LNKC configured for IRQ 11
[32m[    0.859756] [0m[33mACPI: [0mPCI: Interrupt link LNKD configured for IRQ 11
[32m[    0.859962] [0m[33mACPI: [0mPCI: Interrupt link LNKS configured for IRQ 9
[32m[    0.860454] [0m[33miommu: [0mDefault domain type: Translated
[32m[    0.860454] [0m[33miommu: [0mDMA domain TLB invalidation policy: lazy mode
[32m[    0.861058] [0mSCSI subsystem initialized
[32m[    0.861228] [0mlibata version 3.00 loaded.
[32m[    0.861280] [0m[33mACPI: [0mbus type USB registered
[32m[    0.861308] [0m[33musbcore: [0mregistered new interface driver usbfs
[32m[    0.861319] [0m[33musbcore: [0mregistered new interface driver hub
[32m[    0.861327] [0m[33musbcore: [0mregistered new device driver usb
[32m[    0.861365] [0m[33mpps_core: [0mLinuxPPS API ver. 1 registered
[32m[    0.861385] [0m[33mpps_core: [0mSoftware ver. 5.3.6 - Copyright 2005-2007 Rodolfo Giometti <giometti@linux.it>
[32m[    0.861391] [0mPTP clock support registered
[32m[    0.864494] [0m[33mEDAC MC: [0mVer: 3.0.0
[32m[    0.866141] [0m[33mNetLabel: [0mInitializing
[32m[    0.866149] [0m[33mNetLabel: [0m domain hash size = 128
[32m[    0.866152] [0m[33mNetLabel: [0m protocols = UNLABELED CIPSOv4 CALIPSO
[32m[    0.866188] [0m[33mNetLabel: [0m unlabeled traffic allowed by default
[32m[    0.866924] [0m[33mmctp: [0mmanagement component transport protocol core
[32m[    0.866938] [0m[33mNET: [0mRegistered PF_MCTP protocol family
[32m[    0.866959] [0m[33mPCI: [0mUsing ACPI for IRQ routing
[32m[    0.866965] [0m[33mPCI: [0mpci_cache_line_size set to 64 bytes
[32m[    0.867457] [0m[33me820: [0mreserve RAM buffer [mem 0x0009fc00-0x0009ffff]
[32m[    0.867461] [0m[33me820: [0mreserve RAM buffer [mem 0xbffda000-0xbfffffff]
[32m[    0.867925] [0m[33mpci 0000:00:02.0: [0mvgaarb: setting as boot VGA device
[32m[    0.867931] [0m[33mpci 0000:00:02.0: [0mvgaarb: bridge control possible
[32m[    0.867934] [0m[33mpci 0000:00:02.0: [0mvgaarb: VGA device added: decodes=io+mem,owns=io+mem,locks=none
[32m[    0.867946] [0m[33mvgaarb: [0mloaded
[32m[    0.872456] [0m[33mclocksource: [0mSwitched to clocksource kvm-clock
[32m[    0.877513] [0m[33mVFS: [0mDisk quotas dquot_6.6.0
[32m[    0.877546] [0m[33mVFS: [0mDquot-cache hash table entries: 512 (order 0, 4096 bytes)
[32m[    0.877733] [0m[33mAppArmor: [0mAppArmor Filesystem Enabled
[32m[    0.877766] [0m[33mpnp: [0mPnP ACPI init
[32m[    0.877891] [0m[33mpnp 00:02: [0m[dma 2]
[32m[    0.878217] [0m[33mpnp: [0mPnP ACPI: found 4 devices
[32m[    0.889666] [0m[33mclocksource: [0macpi_pm: mask: 0xffffff max_cycles: 0xffffff, max_idle_ns: 2085701024 ns
[32m[    0.889853] [0m[33mNET: [0mRegistered PF_INET protocol family
[32m[    0.889981] [0m[33mIP idents hash table entries: [0m65536 (order: 7, 524288 bytes, linear)
[32m[    0.923682] [0m[33mtcp_listen_portaddr_hash hash table entries: [0m2048 (order: 3, 32768 bytes, linear)
[32m[    0.923713] [0m[33mTable-perturb hash table entries: [0m65536 (order: 6, 262144 bytes, linear)
[32m[    0.923744] [0m[33mTCP established hash table entries: [0m32768 (order: 6, 262144 bytes, linear)
[32m[    0.923856] [0m[33mTCP bind hash table entries: [0m32768 (order: 8, 1048576 bytes, linear)
[32m[    0.924304] [0m[33mTCP: [0mHash tables configured (established 32768 bind 32768)
[32m[    0.924440] [0m[33mMPTCP token hash table entries: [0m4096 (order: 4, 98304 bytes, linear)
[32m[    0.924485] [0m[33mUDP hash table entries: [0m2048 (order: 4, 65536 bytes, linear)
[32m[    0.925267] [0m[33mUDP-Lite hash table entries: [0m2048 (order: 4, 65536 bytes, linear)
[32m[    0.925388] [0m[33mNET: [0mRegistered PF_UNIX/PF_LOCAL protocol family
[32m[    0.925397] [0m[33mNET: [0mRegistered PF_XDP protocol family
[32m[    0.925415] [0m[33mpci 0000:00:05.0: [0mPCI bridge to [bus 01]
[32m[    0.925444] [0m[33mpci 0000:00:05.0: [0m  bridge window [io  0xe000-0xefff]
[32m[    0.928073] [0m[33mpci 0000:00:05.0: [0m  bridge window [mem 0xfe800000-0xfe9fffff]
[32m[    0.930782] [0m[33mpci 0000:00:05.0: [0m  bridge window [mem 0xc080000000-0xc09fffffff 64bit pref]
[32m[    0.933381] [0m[33mpci 0000:00:1e.0: [0mPCI bridge to [bus 02]
[32m[    0.933450] [0m[33mpci 0000:00:1e.0: [0m  bridge window [io  0xd000-0xdfff]
[32m[    0.935582] [0m[33mpci 0000:00:1e.0: [0m  bridge window [mem 0xfe600000-0xfe7fffff]
[32m[    0.937213] [0m[33mpci 0000:00:1e.0: [0m  bridge window [mem 0xc060000000-0xc07fffffff 64bit pref]
[32m[    0.940624] [0m[33mpci 0000:00:1f.0: [0mPCI bridge to [bus 03]
[32m[    0.940874] [0m[33mpci 0000:00:1f.0: [0m  bridge window [io  0xc000-0xcfff]
[32m[    0.942193] [0m[33mpci 0000:00:1f.0: [0m  bridge window [mem 0xfe400000-0xfe5fffff]
[32m[    0.944220] [0m[33mpci 0000:00:1f.0: [0m  bridge window [mem 0xc040000000-0xc05fffffff 64bit pref]
[32m[    0.946339] [0m[33mpci_bus 0000:00: [0mresource 4 [io  0x0000-0x0cf7 window]
[32m[    0.946345] [0m[33mpci_bus 0000:00: [0mresource 5 [io  0x0d00-0xffff window]
[32m[    0.946349] [0m[33mpci_bus 0000:00: [0mresource 6 [mem 0x000a0000-0x000bffff window]
[32m[    0.946351] [0m[33mpci_bus 0000:00: [0mresource 7 [mem 0xc0000000-0xfebfffff window]
[32m[    0.946354] [0m[33mpci_bus 0000:00: [0mresource 8 [mem 0xc000000000-0xc0a000bfff window]
[32m[    0.946358] [0m[33mpci_bus 0000:01: [0mresource 0 [io  0xe000-0xefff]
[32m[    0.946368] [0m[33mpci_bus 0000:01: [0mresource 1 [mem 0xfe800000-0xfe9fffff]
[32m[    0.946371] [0m[33mpci_bus 0000:01: [0mresource 2 [mem 0xc080000000-0xc09fffffff 64bit pref]
[32m[    0.946375] [0m[33mpci_bus 0000:02: [0mresource 0 [io  0xd000-0xdfff]
[32m[    0.946377] [0m[33mpci_bus 0000:02: [0mresource 1 [mem 0xfe600000-0xfe7fffff]
[32m[    0.946379] [0m[33mpci_bus 0000:02: [0mresource 2 [mem 0xc060000000-0xc07fffffff 64bit pref]
[32m[    0.946383] [0m[33mpci_bus 0000:03: [0mresource 0 [io  0xc000-0xcfff]
[32m[    0.946385] [0m[33mpci_bus 0000:03: [0mresource 1 [mem 0xfe400000-0xfe5fffff]
[32m[    0.946387] [0m[33mpci_bus 0000:03: [0mresource 2 [mem 0xc040000000-0xc05fffffff 64bit pref]
[32m[    0.948090] [0m[33mpci 0000:00:01.0: [0mPIIX3: Enabling Passive Release
[32m[    0.948117] [0m[33mpci 0000:00:00.0: [0mLimiting direct PCI/PCI transfers
[32m[    0.950099] [0m[33mACPI: [0m\_SB_.LNKD: Enabled at IRQ 11
[32m[    0.952498] [0m[33mPCI: [0mCLS 0 bytes, default 64
[32m[    0.952694] [0m[33mPCI-DMA: [0mUsing software bounce buffering for IO (SWIOTLB)
[32m[    0.952701] [0m[33msoftware IO TLB: [0mmapped [mem 0x00000000bbfda000-0x00000000bffda000] (64MB)
[32m[    0.953671] [0mInitialise system trusted keyrings
[32m[    0.953688] [0mKey type blacklist registered
[32m[    0.953784] [0m[33mworkingset: [0mtimestamp_bits=36 max_order=20 bucket_order=0
[32m[    0.953803] [0m[33mzbud: [0mloaded
[32m[    0.956352] [0m[33msquashfs: [0mversion 4.0 (2009/01/31) Phillip Lougher
[32m[    0.956882] [0m[33mfuse: [0minit (API version 7.39)
[32m[    0.959175] [0mTrying to unpack rootfs image as initramfs...
[32m[    0.984705] [0m[33mintegrity: [0mPlatform Keyring initialized
[32m[    0.984725] [0m[33mintegrity: [0mMachine keyring initialized
[32m[    1.025629] [0mKey type asymmetric registered
[32m[    1.025642] [0mAsymmetric key parser 'x509' registered
[32m[    1.025691] [0mBlock layer SCSI generic (bsg) driver version 0.4 loaded (major 243)
[32m[    1.025904] [0mio scheduler mq-deadline registered
[32m[    1.026734] [0m[33mshpchp 0000:00:05.0: [0mRequesting control of SHPC hotplug via OSHP (\_SB_.PCI0.S28_)
[32m[    1.026760] [0m[33mshpchp 0000:00:05.0: [0mRequesting control of SHPC hotplug via OSHP (\_SB_.PCI0)
[32m[    1.026772] [0m[33mshpchp 0000:00:05.0: [0mCannot get control of SHPC hotplug
[32m[    1.026848] [0m[33mshpchp 0000:00:1e.0: [0mRequesting control of SHPC hotplug via OSHP (\_SB_.PCI0.SF0_)
[32m[    1.026861] [0m[33mshpchp 0000:00:1e.0: [0mRequesting control of SHPC hotplug via OSHP (\_SB_.PCI0)
[32m[    1.026866] [0m[33mshpchp 0000:00:1e.0: [0mCannot get control of SHPC hotplug
[32m[    1.026938] [0m[33mshpchp 0000:00:1f.0: [0mRequesting control of SHPC hotplug via OSHP (\_SB_.PCI0.SF8_)
[32m[    1.026949] [0m[33mshpchp 0000:00:1f.0: [0mRequesting control of SHPC hotplug via OSHP (\_SB_.PCI0)
[32m[    1.026953] [0m[33mshpchp 0000:00:1f.0: [0mCannot get control of SHPC hotplug
[32m[    1.026963] [0m[33mshpchp: [0mStandard Hot Plug PCI Controller Driver version: 0.4
[32m[    1.028319] [0m[33minput: [0mPower Button as /devices/LNXSYSTM:00/LNXPWRBN:00/input/input0
[32m[    1.028453] [0m[33mACPI: [0mbutton: Power Button [PWRF]
[32m[    1.031143] [0m[33mACPI: [0m\_SB_.LNKC: Enabled at IRQ 10
[32m[    1.046952] [0m[33mACPI: [0m\_SB_.LNKB: Enabled at IRQ 10
[32m[    1.053299] [0m[33mACPI: [0m\_SB_.LNKA: Enabled at IRQ 11
[32m[    1.087605] [0mFree page reporting enabled
[32m[    1.089006] [0m[33mSerial: [0m8250/16550 driver, 32 ports, IRQ sharing enabled
[32m[    1.113507] [0mLinux agpgart interface v0.103
[32m[    1.115760] [0m[33mloop: [0mmodule loaded
[32m[    1.116218] [0m[33mvirtio_scsi virtio3: [0m2/0/0 default/read/poll queues
[32m[    1.117915] [0m[33mscsi host0: [0mVirtio SCSI HBA
[32m[    1.119183] [0m[33mata_piix 0000:00:01.1: [0mversion 2.13
[32m[    1.119392] [0m[33mscsi 0:0:0:0: [0mDirect-Access     QEMU     QEMU HARDDISK    2.5+ PQ: 0 ANSI: 5
[32m[    1.120579] [0m[33mscsi host1: [0mata_piix
[32m[    1.120719] [0m[33mscsi host2: [0mata_piix
[32m[    1.120750] [0m[33mata1: [0mPATA max MWDMA2 cmd 0x1f0 ctl 0x3f6 bmdma 0xf0e0 irq 14 lpm-pol 0
[32m[    1.120755] [0m[33mata2: [0mPATA max MWDMA2 cmd 0x170 ctl 0x376 bmdma 0xf0e8 irq 15 lpm-pol 0
[32m[    1.120838] [0m[33mACPI: [0mbus type drm_connector registered
[32m[    1.121503] [0m[33mtun: [0mUniversal TUN/TAP device driver, 1.6
[32m[    1.126195] [0mPPP generic driver version 2.4.2
[32m[    1.128325] [0m[33muhci_hcd 0000:00:01.2: [0mUHCI Host Controller
[32m[    1.128364] [0m[33muhci_hcd 0000:00:01.2: [0mnew USB bus registered, assigned bus number 1
[32m[    1.128442] [0m[33muhci_hcd 0000:00:01.2: [0mdetected 2 ports
[32m[    1.128625] [0m[33muhci_hcd 0000:00:01.2: [0mirq 11, io port 0x0000f0c0
[32m[    1.128840] [0m[33musb usb1: [0mNew USB device found, idVendor=1d6b, idProduct=0001, bcdDevice= 6.08
[32m[    1.128847] [0m[33musb usb1: [0mNew USB device strings: Mfr=3, Product=2, SerialNumber=1
[32m[    1.128850] [0m[33musb usb1: [0mProduct: UHCI Host Controller
[32m[    1.128853] [0m[33musb usb1: [0mManufacturer: Linux 6.8.0-55-generic uhci_hcd
[32m[    1.128856] [0m[33musb usb1: [0mSerialNumber: 0000:00:01.2
[32m[    1.129014] [0m[33mhub 1-0:1.0: [0mUSB hub found
[32m[    1.129024] [0m[33mhub 1-0:1.0: [0m2 ports detected
[32m[    1.129340] [0m[33mi8042: [0mPNP: PS/2 Controller [PNP0303:KBD,PNP0f13:MOU] at 0x60,0x64 irq 1,12
[32m[    1.130265] [0m[33mFreeing initrd memory: [0m67140K
[32m[    1.131459] [0m[33mserio: [0mi8042 KBD port at 0x60,0x64 irq 1
[32m[    1.131474] [0m[33mserio: [0mi8042 AUX port at 0x60,0x64 irq 12
[32m[    1.131663] [0m[33mmousedev: [0mPS/2 mouse device common for all mice
[32m[    1.132236] [0m[33minput: [0mAT Translated Set 2 keyboard as /devices/platform/i8042/serio0/input/input1
[32m[    1.132377] [0m[33mrtc_cmos 00:03: [0mRTC can wake from S4
[32m[    1.133322] [0m[33mrtc_cmos 00:03: [0mregistered as rtc0
[32m[    1.133437] [0m[33mrtc_cmos 00:03: [0msetting system clock to 2026-07-08T00:49:37 UTC (1783471777)
[32m[    1.133532] [0m[33mrtc_cmos 00:03: [0malarms up to one day, y3k, 242 bytes nvram
[32m[    1.133546] [0m[33mi2c_dev: [0mi2c /dev entries driver
[32m[    1.133585] [0m[33mdevice-mapper: [0m[1mcore: CONFIG_IMA_DISABLE_HTABLE is disabled. Duplicate IMA measurements will not be recorded in the IMA log.[0m
[32m[    1.133630] [0m[33mdevice-mapper: [0muevent: version 1.0.3
[32m[    1.133711] [0m[33mdevice-mapper: [0mioctl: 4.48.0-ioctl (2023-03-01) initialised: dm-devel@redhat.com
[32m[    1.133766] [0m[33mplatform eisa.0: [0mProbing EISA bus 0
[32m[    1.133771] [0m[33mplatform eisa.0: [0m[1mEISA: Cannot allocate resource for mainboard[0m
[32m[    1.133775] [0m[33mplatform eisa.0: [0m[1mCannot allocate resource for EISA slot 1[0m
[32m[    1.133779] [0m[33mplatform eisa.0: [0m[1mCannot allocate resource for EISA slot 2[0m
[32m[    1.133782] [0m[33mplatform eisa.0: [0m[1mCannot allocate resource for EISA slot 3[0m
[32m[    1.133785] [0m[33mplatform eisa.0: [0m[1mCannot allocate resource for EISA slot 4[0m
[32m[    1.133788] [0m[33mplatform eisa.0: [0m[1mCannot allocate resource for EISA slot 5[0m
[32m[    1.133791] [0m[33mplatform eisa.0: [0m[1mCannot allocate resource for EISA slot 6[0m
[32m[    1.133794] [0m[33mplatform eisa.0: [0m[1mCannot allocate resource for EISA slot 7[0m
[32m[    1.133797] [0m[33mplatform eisa.0: [0m[1mCannot allocate resource for EISA slot 8[0m
[32m[    1.133840] [0m[33mplatform eisa.0: [0mEISA: Detected 0 cards
[32m[    1.133846] [0m[33mamd_pstate: [0m[1mthe _CPC object is not present in SBIOS or ACPI disabled[0m
[32m[    1.133921] [0m[33mledtrig-cpu: [0mregistered to indicate activity on CPUs
[32m[    1.134464] [0m[drm] Initialized simpledrm 1.0.0 20200625 for simple-framebuffer.0 on minor 0
[32m[    1.138873] [0m[33mConsole: [0mswitching to colour frame buffer device 100x37
[32m[    1.141893] [0m[33msimple-framebuffer simple-framebuffer.0: [0m[drm] fb0: simpledrmdrmfb frame buffer device
[32m[    1.142277] [0m[33mdrop_monitor: [0mInitializing network drop monitor service
[32m[    1.142540] [0m[33mNET: [0mRegistered PF_INET6 protocol family
[32m[    1.147693] [0m[33msd 0:0:0:0: [0m[1mPower-on or device reset occurred[0m
[32m[    1.147919] [0m[33msd 0:0:0:0: [0m[sda] 67108864 512-byte logical blocks: (34.4 GB/32.0 GiB)
[32m[    1.148068] [0m[33msd 0:0:0:0: [0m[sda] Write Protect is off
[32m[    1.148158] [0m[33msd 0:0:0:0: [0m[sda] Mode Sense: 63 00 10 08
[32m[    1.148271] [0m[33msd 0:0:0:0: [0m[sda] Write cache: enabled, read cache: enabled, supports DPO and FUA
[32m[    1.149377] [0m[33msd 0:0:0:0: [0mAttached scsi generic sg0 type 0
[32m[    1.151674] [0mSegment Routing with IPv6
[32m[    1.151748] [0mIn-situ OAM (IOAM) with IPv6
[32m[    1.151845] [0m[33mNET: [0mRegistered PF_PACKET protocol family
[32m[    1.153009] [0m[33m sda: [0msda1 sda2 sda3
[32m[    1.153247] [0m[33msd 0:0:0:0: [0m[sda] Attached SCSI disk
[32m[    1.155101] [0mKey type dns_resolver registered
[32m[    1.156671] [0m[33mIPI shorthand broadcast: [0menabled
[32m[    1.159218] [0m[33msched_clock: [0mMarking stable (1157012360, 1277732)->(1242331241, -84041149)
[32m[    1.160483] [0mregistered taskstats version 1
[32m[    1.161894] [0mLoading compiled-in X.509 certificates
[32m[    1.163666] [0m[33mLoaded X.509 cert 'Build time autogenerated kernel key: [0me0bedf6fa049a1e09bd65ebab3904f14cdd5bc68'
[32m[    1.166307] [0m[33mLoaded X.509 cert 'Canonical Ltd. Live Patch Signing: [0m14df34d1a87cf37625abec039ef2bf521249b969'
[32m[    1.168396] [0m[33mLoaded X.509 cert 'Canonical Ltd. Kernel Module Signing: [0m88f752e560a1e0737e31163a466ad7b70a850c19'
[32m[    1.170311] [0m[33mblacklist: [0mLoading compiled-in revocation X.509 certificates
[32m[    1.171404] [0m[33mLoaded X.509 cert 'Canonical Ltd. Secure Boot Signing: [0m61482aa2830d0ab2ad5af10b7250da9033ddcef0'
[32m[    1.173419] [0m[33mLoaded X.509 cert 'Canonical Ltd. Secure Boot Signing (2017): [0m242ade75ac4a15e50d50c84b0d45ff3eae707a03'
[32m[    1.175849] [0m[33mLoaded X.509 cert 'Canonical Ltd. Secure Boot Signing (ESM 2018): [0m365188c1d374d6b07c3c8f240f8ef722433d6a8b'
[32m[    1.178540] [0m[33mLoaded X.509 cert 'Canonical Ltd. Secure Boot Signing (2019): [0mc0746fd6c5da3ae827864651ad66ae47fe24b3e8'
[32m[    1.181254] [0m[33mLoaded X.509 cert 'Canonical Ltd. Secure Boot Signing (2021 v1): [0ma8d54bbb3825cfb94fa13c9f8a594a195c107b8d'
[32m[    1.183886] [0m[33mLoaded X.509 cert 'Canonical Ltd. Secure Boot Signing (2021 v2): [0m4cf046892d6fd3c9a5b03f98d845f90851dc6a8c'
[32m[    1.185950] [0m[33mLoaded X.509 cert 'Canonical Ltd. Secure Boot Signing (2021 v3): [0m100437bb6de6e469b581e61cd66bce3ef4ed53af'
[32m[    1.188017] [0m[33mLoaded X.509 cert 'Canonical Ltd. Secure Boot Signing (Ubuntu Core 2019): [0mc1d57b8f6b743f23ee41f4f7ee292f06eecadfb9'
[32m[    1.192904] [0mKey type .fscrypt registered
[32m[    1.194547] [0mKey type fscrypt-provisioning registered
[32m[    1.201604] [0m[33mcryptd: [0mmax_cpu_qlen set to 1000
[32m[    1.291371] [0m[33mata2: [0mfound unknown device (class 0)
[32m[    1.294136] [0m[33mata2.00: [0mATAPI: QEMU DVD-ROM, 2.5+, max UDMA/100
[32m[    1.297258] [0m[33mscsi 2:0:0:0: [0mCD-ROM            QEMU     QEMU DVD-ROM     2.5+ PQ: 0 ANSI: 5
[32m[    1.318868] [0m[33msr 2:0:0:0: [0m[sr0] scsi3-mmc drive: 4x/4x cd/rw xa/form2 tray
[32m[    1.321526] [0m[33mcdrom: [0mUniform CD-ROM driver Revision: 3.20
[32m[    1.332090] [0m[33msr 2:0:0:0: [0mAttached scsi CD-ROM sr0
[32m[    1.333734] [0m[33msr 2:0:0:0: [0mAttached scsi generic sg1 type 5
[32m[    1.357586] [0m[33musb 1-1: [0mnew full-speed USB device number 2 using uhci_hcd
[32m[    1.362122] [0mSSE version of gcm_enc/dec engaged.
[32m[    1.383219] [0mKey type encrypted registered
[32m[    1.385375] [0m[33mAppArmor: [0mAppArmor sha256 policy hashing enabled
[32m[    1.387791] [0m[33mima: [0mNo TPM chip found, activating TPM-bypass!
[32m[    1.390266] [0mLoading compiled-in module X.509 certificates
[32m[    1.392314] [0m[33mLoaded X.509 cert 'Build time autogenerated kernel key: [0me0bedf6fa049a1e09bd65ebab3904f14cdd5bc68'
[32m[    1.395334] [0m[33mima: [0mAllocated hash algorithm: sha256
[32m[    1.397345] [0m[33mima: [0mNo architecture policies found
[32m[    1.399029] [0m[33mevm: [0mInitialising EVM extended attributes:
[32m[    1.400117] [0m[33mevm: [0msecurity.selinux
[32m[    1.401198] [0m[33mevm: [0msecurity.SMACK64
[32m[    1.402415] [0m[33mevm: [0msecurity.SMACK64EXEC
[32m[    1.403433] [0m[33mevm: [0msecurity.SMACK64TRANSMUTE
[32m[    1.404541] [0m[33mevm: [0msecurity.SMACK64MMAP
[32m[    1.406444] [0m[33mevm: [0msecurity.apparmor
[32m[    1.407341] [0m[33mevm: [0msecurity.ima
[32m[    1.408151] [0m[33mevm: [0msecurity.capability
[32m[    1.409025] [0m[33mevm: [0mHMAC attrs: 0x1
[32m[    1.412164] [0m[33mPM: [0m  Magic number: 2:391:809
[32m[    1.415155] [0m[33mpowernow_k8: [0mPower state transitions not supported
[32m[    1.417931] [0m[33mpowernow_k8: [0mPower state transitions not supported
[32m[    1.423772] [0m[33mRAS: [0mCorrectable Errors collector initialized.
[32m[    1.427590] [0m[33mclk: [0mDisabling unused clocks
[32m[    1.432718] [0m[33mFreeing unused decrypted memory: [0m2028K
[32m[    1.437158] [0m[33mFreeing unused kernel image (initmem) memory: [0m4988K
[32m[    1.438559] [0m[33mWrite protecting the kernel read-only data: [0m38912k
[32m[    1.442198] [0m[33mFreeing unused kernel image (rodata/data gap) memory: [0m2040K
[32m[    1.475367] [0m[33mx86/mm: [0mChecked W+X mappings: passed, no W+X pages found.
[32m[    1.476159] [0mRun /init as init process
[32m[    1.476987] [0m  with arguments:
[32m[    1.476991] [0m    /init
[32m[    1.476993] [0m  with environment:
[32m[    1.476994] [0m    HOME=/
[32m[    1.476995] [0m    TERM=linux
[32m[    1.476996] [0m    BOOT_IMAGE=/vmlinuz-6.8.0-55-generic
[32m[    1.538939] [0m[33musb 1-1: [0mNew USB device found, idVendor=0627, idProduct=0001, bcdDevice= 0.00
[32m[    1.539716] [0m[33musb 1-1: [0mNew USB device strings: Mfr=1, Product=3, SerialNumber=10
[32m[    1.540526] [0m[33musb 1-1: [0mProduct: QEMU USB Tablet
[32m[    1.541185] [0m[33musb 1-1: [0mManufacturer: QEMU
[32m[    1.541866] [0m[33musb 1-1: [0mSerialNumber: 28754-0000:00:01.2-1
[32m[    1.576493] [0m[33mhid: [0mraw HID events driver (C) Jiri Kosina
[32m[    1.592032] [0m[33musbcore: [0mregistered new interface driver usbhid
[32m[    1.592789] [0m[33musbhid: [0mUSB HID core driver
[32m[    1.607047] [0m[33mvirtio_net virtio2 ens18: [0mrenamed from eth0
[32m[    1.625618] [0m[33minput: [0mQEMU QEMU USB Tablet as /devices/pci0000:00/0000:00:01.2/usb1/1-1/1-1:1.0/0003:0627:0001.0001/input/input3
[32m[    1.629388] [0m[33minput: [0mVirtualPS/2 VMware VMMouse as /devices/platform/i8042/serio1/input/input5
[32m[    1.647995] [0m[33minput: [0mVirtualPS/2 VMware VMMouse as /devices/platform/i8042/serio1/input/input4
[32m[    1.650333] [0m[33mhid-generic 0003:0627:0001.0001: [0minput,hidraw0: USB HID v0.01 Mouse [QEMU QEMU USB Tablet] on usb-0000:00:01.2-1/input0
[32m[    1.659880] [0m[33mConsole: [0mswitching to colour dummy device 80x25
[32m[    1.665671] [0m[33mbochs-drm 0000:00:02.0: [0mvgaarb: deactivate vga console
[32m[    1.665875] [0m[drm] Found bochs VGA, ID 0xb0c5.
[32m[    1.665880] [0m[drm] Framebuffer size 16384 kB @ 0xfd000000, mmio @ 0xfea50000.
[32m[    1.674516] [0mFDC 0 is a S82078B
[32m[    1.679963] [0m[drm] Found EDID data blob.
[32m[    1.681196] [0m[drm] Initialized bochs-drm 1.0.0 20130925 for 0000:00:02.0 on minor 0
[32m[    1.684052] [0m[33mfbcon: [0mbochs-drmdrmfb (fb0) is primary device
[32m[    1.788027] [0m[33mConsole: [0mswitching to colour frame buffer device 160x50
[32m[    1.805435] [0m[33mbochs-drm 0000:00:02.0: [0m[drm] fb0: bochs-drmdrmfb frame buffer device
[32m[    2.077312] [0m[33mrandom: [0mcrng init done
[32m[    2.280287] [0m[33mraid6: [0msse2x4   gen() 17359 MB/s
[32m[    2.297288] [0m[33mraid6: [0msse2x2   gen()  5093 MB/s
[32m[    2.314295] [0m[33mraid6: [0msse2x1   gen()  1187 MB/s
[32m[    2.314307] [0m[33mraid6: [0musing algorithm sse2x4 gen() 17359 MB/s
[32m[    2.331288] [0m[33mraid6: [0m.... xor() 3435 MB/s, rmw enabled
[32m[    2.331305] [0m[33mraid6: [0musing ssse3x2 recovery algorithm
[32m[    2.332556] [0m[33mxor: [0mmeasuring software checksum speed
[32m[    2.332688] [0m[33m   prefetch64-sse  : [0m27372 MB/sec
[32m[    2.332812] [0m[33m   generic_sse     : [0m28222 MB/sec
[32m[    2.332819] [0m[33mxor: [0musing function: generic_sse (28222 MB/sec)
[32m[    2.333513] [0m[33masync_tx: [0mapi initialized (async)
[32m[    2.435526] [0mBtrfs loaded, zoned=yes, fsverity=yes
[32m[    3.320928] [0m[33mEXT4-fs (dm-0): [0mmounted filesystem 78dfc1ab-05ce-40b9-a2f8-2f3e03168145 ro with ordered data mode. Quota mode: none.
[32m[    3.447290] [0m[33mworkqueue: [0m[1mdrm_fb_helper_damage_work hogged CPU for >10000us 4 times, consider switching to WQ_UNBOUND[0m
[32m[    6.189803] [0m[33msystemd[1]: [0mInserted module 'autofs4'
[32m[    6.262970] [0m[33msystemd[1]: [0msystemd 255.4-1ubuntu8.5 running in system mode (+PAM +AUDIT +SELINUX +APPARMOR +IMA +SMACK +SECCOMP +GCRYPT -GNUTLS +OPENSSL +ACL +BLKID +CURL +ELFUTILS +FIDO2 +IDN2 -IDN +IPTC +KMOD +LIBCRYPTSETUP +LIBFDISK +PCRE2 -PWQUALITY +P11KIT +QRENCODE +TPM2 +BZIP2 +LZ4 +XZ +ZLIB +ZSTD -BPF_FRAMEWORK -XKBCOMMON +UTMP +SYSVINIT default-hierarchy=unified)
[32m[    6.264494] [0m[33msystemd[1]: [0mDetected virtualization kvm.
[32m[    6.265035] [0m[33msystemd[1]: [0mDetected architecture x86-64.
[32m[    6.266963] [0m[33msystemd[1]: [0mNo hostname configured, using default hostname.
[32m[    6.267212] [0m[33msystemd[1]: [0mHostname set to <localhost>.
[32m[    6.304285] [0m[33mworkqueue: [0m[1mdrm_fb_helper_damage_work hogged CPU for >10000us 8 times, consider switching to WQ_UNBOUND[0m
[32m[   15.800209] [0m[33msystemd[1]: [0mQueued start job for default target graphical.target.
[32m[   16.082195] [0m[33msystemd[1]: [0mCreated slice system-modprobe.slice - Slice /system/modprobe.
[32m[   16.085651] [0m[33msystemd[1]: [0mCreated slice system-systemd\x2dfsck.slice - Slice /system/systemd-fsck.
[32m[   16.086838] [0m[33msystemd[1]: [0mCreated slice user.slice - User and Session Slice.
[32m[   16.087892] [0m[33msystemd[1]: [0mStarted systemd-ask-password-wall.path - Forward Password Requests to Wall Directory Watch.
[32m[   16.088991] [0m[33msystemd[1]: [0mSet up automount proc-sys-fs-binfmt_misc.automount - Arbitrary Executable File Formats File System Automount Point.
[32m[   16.089924] [0m[33msystemd[1]: [0mExpecting device dev-disk-by\x2duuid-c3f8f018\x2df5f7\x2d4a5d\x2d92a1\x2d12ee87108672.device - /dev/disk/by-uuid/c3f8f018-f5f7-4a5d-92a1-12ee87108672...
[32m[   16.091344] [0m[33msystemd[1]: [0mReached target integritysetup.target - Local Integrity Protected Volumes.
[32m[   16.092331] [0m[33msystemd[1]: [0mReached target slices.target - Slice Units.
[32m[   16.093155] [0m[33msystemd[1]: [0mReached target snapd.mounts-pre.target - Mounting snaps.
[32m[   16.093889] [0m[33msystemd[1]: [0mReached target snapd.mounts.target - Mounted snaps.
[32m[   16.094661] [0m[33msystemd[1]: [0mReached target veritysetup.target - Local Verity Protected Volumes.
[32m[   16.095967] [0m[33msystemd[1]: [0mListening on dm-event.socket - Device-mapper event daemon FIFOs.
[32m[   16.096784] [0m[33msystemd[1]: [0mListening on lvm2-lvmpolld.socket - LVM2 poll daemon socket.
[32m[   16.097566] [0m[33msystemd[1]: [0mListening on multipathd.socket - multipathd control socket.
[32m[   16.098382] [0m[33msystemd[1]: [0mListening on syslog.socket - Syslog Socket.
[32m[   16.099101] [0m[33msystemd[1]: [0mListening on systemd-fsckd.socket - fsck to fsckd communication Socket.
[32m[   16.099802] [0m[33msystemd[1]: [0mListening on systemd-initctl.socket - initctl Compatibility Named Pipe.
[32m[   16.100549] [0m[33msystemd[1]: [0mListening on systemd-journald-dev-log.socket - Journal Socket (/dev/log).
[32m[   16.101320] [0m[33msystemd[1]: [0mListening on systemd-journald.socket - Journal Socket.
[32m[   16.102107] [0m[33msystemd[1]: [0mListening on systemd-networkd.socket - Network Service Netlink Socket.
[32m[   16.102762] [0m[33msystemd[1]: [0msystemd-pcrextend.socket - TPM2 PCR Extension (Varlink) was skipped because of an unmet condition check (ConditionSecurity=measured-uki).
[32m[   16.103462] [0m[33msystemd[1]: [0mListening on systemd-udevd-control.socket - udev Control Socket.
[32m[   16.104194] [0m[33msystemd[1]: [0mListening on systemd-udevd-kernel.socket - udev Kernel Socket.
[32m[   16.302449] [0m[33msystemd[1]: [0mMounting dev-hugepages.mount - Huge Pages File System...
[32m[   16.346273] [0m[33msystemd[1]: [0mMounting dev-mqueue.mount - POSIX Message Queue File System...
[32m[   16.357925] [0m[33msystemd[1]: [0mMounting sys-kernel-debug.mount - Kernel Debug File System...
[32m[   16.364930] [0m[33msystemd[1]: [0mMounting sys-kernel-tracing.mount - Kernel Trace File System...
[32m[   16.369522] [0m[33msystemd[1]: [0mStarting systemd-journald.service - Journal Service...
[32m[   16.603475] [0m[33msystemd[1]: [0mStarting keyboard-setup.service - Set the console keyboard layout...
[32m[   16.607423] [0m[33msystemd[1]: [0mStarting kmod-static-nodes.service - Create List of Static Device Nodes...
[32m[   16.641534] [0m[33msystemd[1]: [0mStarting lvm2-monitor.service - Monitoring of LVM2 mirrors, snapshots etc. using dmeventd or progress polling...
[32m[   16.656887] [0m[33msystemd[1]: [0mStarting modprobe@configfs.service - Load Kernel Module configfs...
[32m[   16.684680] [0m[33msystemd[1]: [0mStarting modprobe@dm_mod.service - Load Kernel Module dm_mod...
[32m[   16.706059] [0m[33msystemd[1]: [0mStarting modprobe@drm.service - Load Kernel Module drm...
[32m[   16.761767] [0m[33msystemd[1]: [0mStarting modprobe@efi_pstore.service - Load Kernel Module efi_pstore...
[32m[   16.828482] [0m[33msystemd[1]: [0mStarting modprobe@fuse.service - Load Kernel Module fuse...
[32m[   16.847928] [0m[33msystemd[1]: [0mStarting modprobe@loop.service - Load Kernel Module loop...
[32m[   16.850207] [0m[33msystemd[1]: [0mnetplan-ovs-cleanup.service - OpenVSwitch configuration for cleanup was skipped because of an unmet condition check (ConditionFileIsExecutable=/usr/bin/ovs-vsctl).
[32m[   16.855706] [0m[33msystemd[1]: [0msystemd-fsck-root.service - File System Check on Root Device was skipped because of an unmet condition check (ConditionPathExists=!/run/initramfs/fsck-root).
[32m[   17.176992] [0m[33msystemd[1]: [0mStarting systemd-modules-load.service - Load Kernel Modules...
[32m[   17.183986] [0m[33msystemd[1]: [0msystemd-pcrmachine.service - TPM2 PCR Machine ID Measurement was skipped because of an unmet condition check (ConditionSecurity=measured-uki).
[32m[   17.189077] [0m[33mworkqueue: [0m[1mdrm_fb_helper_damage_work hogged CPU for >10000us 16 times, consider switching to WQ_UNBOUND[0m
[32m[   17.203550] [0m[33msystemd[1]: [0mStarting systemd-remount-fs.service - Remount Root and Kernel File Systems...
[32m[   17.209469] [0m[33msystemd[1]: [0msystemd-tpm2-setup-early.service - TPM2 SRK Setup (Early) was skipped because of an unmet condition check (ConditionSecurity=measured-uki).
[32m[   17.217582] [0m[33msystemd[1]: [0mStarting systemd-udev-trigger.service - Coldplug All udev Devices...
[32m[   17.229248] [0m[33msystemd[1]: [0mMounted dev-hugepages.mount - Huge Pages File System.
[32m[   17.238687] [0m[33msystemd[1]: [0mMounted dev-mqueue.mount - POSIX Message Queue File System.
[32m[   17.240273] [0m[33msystemd[1]: [0mMounted sys-kernel-debug.mount - Kernel Debug File System.
[32m[   17.244478] [0m[33msystemd[1]: [0mMounted sys-kernel-tracing.mount - Kernel Trace File System.
[32m[   17.245775] [0m[33msystemd[1]: [0mFinished kmod-static-nodes.service - Create List of Static Device Nodes.
[32m[   17.263691] [0m[33msystemd[1]: [0mmodprobe@configfs.service: Deactivated successfully.
[32m[   17.265641] [0m[33msystemd[1]: [0mFinished modprobe@configfs.service - Load Kernel Module configfs.
[32m[   17.270740] [0m[33msystemd[1]: [0mmodprobe@dm_mod.service: Deactivated successfully.
[32m[   17.271524] [0m[33msystemd[1]: [0mFinished modprobe@dm_mod.service - Load Kernel Module dm_mod.
[32m[   17.273940] [0m[33msystemd[1]: [0mmodprobe@drm.service: Deactivated successfully.
[32m[   17.277238] [0m[33msystemd[1]: [0mFinished modprobe@drm.service - Load Kernel Module drm.
[32m[   17.278899] [0m[33msystemd[1]: [0mmodprobe@efi_pstore.service: Deactivated successfully.
[32m[   17.282244] [0m[33msystemd[1]: [0mFinished modprobe@efi_pstore.service - Load Kernel Module efi_pstore.
[32m[   17.283848] [0m[33msystemd[1]: [0mmodprobe@fuse.service: Deactivated successfully.
[32m[   17.289770] [0m[33msystemd[1]: [0mFinished modprobe@fuse.service - Load Kernel Module fuse.
[32m[   17.294852] [0m[33msystemd[1]: [0mmodprobe@loop.service: Deactivated successfully.
[32m[   17.296045] [0m[33msystemd[1]: [0mFinished modprobe@loop.service - Load Kernel Module loop.
[32m[   17.303689] [0m[33msystemd[1]: [0mMounting sys-fs-fuse-connections.mount - FUSE Control File System...
[32m[   17.320499] [0m[33msystemd[1]: [0mMounting sys-kernel-config.mount - Kernel Configuration File System...
[32m[   17.322176] [0m[33msystemd[1]: [0msystemd-repart.service - Repartition Root Disk was skipped because no trigger condition checks were met.
[32m[   17.335965] [0m[33msystemd[1]: [0mStarting systemd-tmpfiles-setup-dev-early.service - Create Static Device Nodes in /dev gracefully...
[32m[   17.338181] [0m[33msystemd[1]: [0mMounted sys-fs-fuse-connections.mount - FUSE Control File System.
[32m[   17.343955] [0m[33msystemd[1]: [0mMounted sys-kernel-config.mount - Kernel Configuration File System.
[32m[   17.540714] [0m[33msystemd-journald[306]: [0mCollecting audit messages is disabled.
[32m[   17.544861] [0m[33mEXT4-fs (dm-0): [0mre-mounted 78dfc1ab-05ce-40b9-a2f8-2f3e03168145 r/w. Quota mode: none.
[32m[   17.561005] [0m[33msystemd[1]: [0mFinished systemd-remount-fs.service - Remount Root and Kernel File Systems.
[32m[   17.763169] [0m[33msystemd[1]: [0mActivating swap swap.img.swap - /swap.img...
[32m[   17.823699] [0m[33msystemd[1]: [0mStarting multipathd.service - Device-Mapper Multipath Device Controller...
[32m[   17.945150] [0m[33msystemd[1]: [0msystemd-hwdb-update.service - Rebuild Hardware Database was skipped because of an unmet condition check (ConditionNeedsUpdate=/etc).
[32m[   17.945835] [0m[33msystemd[1]: [0msystemd-pstore.service - Platform Persistent Storage Archival was skipped because of an unmet condition check (ConditionDirectoryNotEmpty=/sys/fs/pstore).
[32m[   18.065375] [0m[33msystemd[1]: [0mStarting systemd-random-seed.service - Load/Save OS Random Seed...
[32m[   18.094730] [0m[33msystemd[1]: [0msystemd-tpm2-setup.service - TPM2 SRK Setup was skipped because of an unmet condition check (ConditionSecurity=measured-uki).
[32m[   18.099774] [0m[33msystemd[1]: [0mStarted systemd-journald.service - Journal Service.
[32m[   18.272312] [0mAdding 3261436k swap on /swap.img.  Priority:-2 extents:7 across:5735424k 
[32m[   18.821200] [0m[33msystemd-journald[306]: [0mReceived client request to flush runtime journal.
[32m[   24.142839] [0m[33msystemd-journald[306]: [0m/var/log/journal/560b026a44d3424ea490d29e1a7e2775/system.journal: Journal file uses a different sequence number ID, rotating.
[32m[   24.142847] [0m[33msystemd-journald[306]: [0mRotating system journal.
[32m[   24.383681] [0m[33mpiix4_smbus 0000:00:01.3: [0mSMBus Host Controller at 0x700, revision 0
[32m[   26.423286] [0m[33mworkqueue: [0m[1mdrm_fb_helper_damage_work hogged CPU for >10000us 32 times, consider switching to WQ_UNBOUND[0m
[32m[   35.122095] [0m[33mEXT4-fs (sda2): [0mmounted filesystem c3f8f018-f5f7-4a5d-92a1-12ee87108672 r/w with ordered data mode. Quota mode: none.
[32m[   37.505624] [0m[33mcfg80211: [0mLoading compiled-in X.509 certificates for regulatory database
[32m[   37.505797] [0m[33mLoaded X.509 cert 'sforshee: [0m00b28ddf47aef9cea7'
[32m[   37.505885] [0m[33mLoaded X.509 cert 'wens: [0m61c038651aabdcf94bd0ac7ff06c7248db18c600'
[32m[   41.715172] [0m[33maudit: [0mtype=1400 audit(1783471818.081:2): apparmor="STATUS" operation="profile_load" profile="unconfined" name="1password" pid=548 comm="apparmor_parser"
[32m[   41.715182] [0m[33maudit: [0mtype=1400 audit(1783471818.081:3): apparmor="STATUS" operation="profile_load" profile="unconfined" name="Discord" pid=549 comm="apparmor_parser"
[32m[   41.860242] [0m[33maudit: [0mtype=1400 audit(1783471818.225:4): apparmor="STATUS" operation="profile_load" profile="unconfined" name=4D6F6E676F444220436F6D70617373 pid=552 comm="apparmor_parser"
[32m[   41.861744] [0m[33maudit: [0mtype=1400 audit(1783471818.227:5): apparmor="STATUS" operation="profile_load" profile="unconfined" name="QtWebEngineProcess" pid=553 comm="apparmor_parser"
[32m[   41.968575] [0m[33maudit: [0mtype=1400 audit(1783471818.334:6): apparmor="STATUS" operation="profile_load" profile="unconfined" name="brave" pid=555 comm="apparmor_parser"
[32m[   41.970676] [0m[33maudit: [0mtype=1400 audit(1783471818.336:7): apparmor="STATUS" operation="profile_load" profile="unconfined" name="balena-etcher" pid=554 comm="apparmor_parser"
[32m[   42.098308] [0m[33maudit: [0mtype=1400 audit(1783471818.463:8): apparmor="STATUS" operation="profile_load" profile="unconfined" name="buildah" pid=556 comm="apparmor_parser"
[32m[   42.114865] [0m[33maudit: [0mtype=1400 audit(1783471818.480:9): apparmor="STATUS" operation="profile_load" profile="unconfined" name="busybox" pid=557 comm="apparmor_parser"
[32m[   42.114877] [0m[33maudit: [0mtype=1400 audit(1783471818.480:10): apparmor="STATUS" operation="profile_load" profile="unconfined" name="cam" pid=558 comm="apparmor_parser"
[32m[   42.468169] [0m[33maudit: [0mtype=1400 audit(1783471818.834:11): apparmor="STATUS" operation="profile_load" profile="unconfined" name="ch-checkns" pid=559 comm="apparmor_parser"
[32m[   47.212158] [0m[33mkauditd_printk_skb: [0m[1m78 callbacks suppressed[0m
[32m[   47.212165] [0m[33maudit: [0mtype=1400 audit(1783471823.577:90): apparmor="STATUS" operation="profile_load" profile="unconfined" name="ubuntu_pro_apt_news" pid=654 comm="apparmor_parser"
[32m[   47.905235] [0m[33maudit: [0mtype=1400 audit(1783471824.270:91): apparmor="STATUS" operation="profile_load" profile="unconfined" name="transmission-cli" pid=646 comm="apparmor_parser"
[32m[   47.905241] [0m[33maudit: [0mtype=1400 audit(1783471824.270:92): apparmor="STATUS" operation="profile_load" profile="unconfined" name="transmission-daemon" pid=646 comm="apparmor_parser"
[32m[   47.905243] [0m[33maudit: [0mtype=1400 audit(1783471824.270:93): apparmor="STATUS" operation="profile_load" profile="unconfined" name="transmission-gtk" pid=646 comm="apparmor_parser"
[32m[   47.905244] [0m[33maudit: [0mtype=1400 audit(1783471824.270:94): apparmor="STATUS" operation="profile_load" profile="unconfined" name="transmission-qt" pid=646 comm="apparmor_parser"
[32m[   48.066153] [0m[33maudit: [0mtype=1400 audit(1783471824.431:95): apparmor="STATUS" operation="profile_load" profile="unconfined" name="unix-chkpwd" pid=663 comm="apparmor_parser"
[32m[   48.096746] [0m[33maudit: [0mtype=1400 audit(1783471824.462:96): apparmor="STATUS" operation="profile_load" profile="unconfined" name="ubuntu_pro_esm_cache" pid=662 comm="apparmor_parser"
[32m[   48.096755] [0m[33maudit: [0mtype=1400 audit(1783471824.462:97): apparmor="STATUS" operation="profile_load" profile="unconfined" name="ubuntu_pro_esm_cache//apt_methods" pid=662 comm="apparmor_parser"
[32m[   48.096757] [0m[33maudit: [0mtype=1400 audit(1783471824.462:98): apparmor="STATUS" operation="profile_load" profile="unconfined" name="ubuntu_pro_esm_cache//apt_methods_gpgv" pid=662 comm="apparmor_parser"
[32m[   48.096758] [0m[33maudit: [0mtype=1400 audit(1783471824.462:99): apparmor="STATUS" operation="profile_load" profile="unconfined" name="ubuntu_pro_esm_cache//cloud_id" pid=662 comm="apparmor_parser"
[32m[   51.960292] [0m[33mworkqueue: [0m[1mdrm_fb_helper_damage_work hogged CPU for >10000us 64 times, consider switching to WQ_UNBOUND[0m
[32m[   59.065103] [0m[33mkauditd_printk_skb: [0m[1m21 callbacks suppressed[0m
[32m[   59.065106] [0m[33maudit: [0mtype=1400 audit(1783471835.430:121): apparmor="STATUS" operation="profile_replace" info="same as current profile, skipping" profile="unconfined" name="rsyslogd" pid=704 comm="apparmor_parser"
[32m[   89.851403] [0m[33mloop0: [0mdetected capacity change from 0 to 8
[32m[   89.961344] [0m[33maudit: [0mtype=1400 audit(1783471866.558:122): apparmor="STATUS" operation="profile_replace" profile="unconfined" name="/usr/lib/snapd/snap-confine" pid=835 comm="apparmor_parser"
[32m[   89.966978] [0m[33maudit: [0mtype=1400 audit(1783471866.564:123): apparmor="STATUS" operation="profile_replace" profile="unconfined" name="/usr/lib/snapd/snap-confine//mount-namespace-capture-helper" pid=835 comm="apparmor_parser"
[32m[   93.623934] [0m[33mNET: [0mRegistered PF_QIPCRTR protocol family
[?2004h]0;user1@eltex-practice2-v41: ~[01;32muser1@eltex-practice2-v41[00m:[01;34m~[00m$ у[Kexit
[?2004llogout
[?2004h]0;root@eltex-practice2-v41: ~root@eltex-practice2-v41:~# [7mcat > /usr/local/bin/dmesg_user2.sh << 'EOF'[27m
[7m#!/bin/bash[27m
[7m/usr/bin/dmesg[27m
[7mEOF[27m[A[A[A]0;root@eltex-practice2-v41: ~root@eltex-practice2-v41:~# cat > /usr/local/bin/dmesg_user2.sh << 'EOF'
#!/bin/bash
/usr/bin/dmesg
EOF
[?2004l[?2004h]0;root@eltex-practice2-v41: ~root@eltex-practice2-v41:~# [7mchmod 755 /usr/local/bin/dmesg_user2.sh[27m[C[C[C[C[C[C[C[C[C[C[C[C[C[C[C[C[C[C[C[C[C[C[C[C[C[C[C[Cchmod 755 /usr/local/bin/dmesg_user2.sh
[?2004l[?2004h]0;root@eltex-practice2-v41: ~root@eltex-practice2-v41:~# [7mchown root:root /usr/local/bin/dmesg_user2.sh[27m[C[C[C[C[C[C[C[C[C[C[C[C[C[C[C[C[C[C[C[C[C[C[C[C[C[C[C[Cchown root:root /usr/local/bin/dmesg_user2.sh
[?2004l[?2004h]0;root@eltex-practice2-v41: ~root@eltex-practice2-v41:~# [7mchmod u+s /usr/local/bin/dmesg_user2.sh[27m[C[C[C[C[C[C[C[C[C[C[C[C[C[C[C[C[C[C[C[C[C[C[C[C[C[C[C[Cchmod u+s /usr/local/bin/dmesg_user2.sh
[?2004l[?2004h]0;root@eltex-practice2-v41: ~root@eltex-practice2-v41:~# [7mls -l /usr/local/bin/dmesg_user2.sh[27m[C[C[C[C[C[C[C[C[C[C[C[C[C[C[C[C[C[C[C[C[C[C[C[C[C[C[C[Cls -l /usr/local/bin/dmesg_user2.sh
[?2004l-rwsr-xr-x 1 root root 27 Jul  8 05:21 [0m[37;41m/usr/local/bin/dmesg_user2.sh[0m
[?2004h]0;root@eltex-practice2-v41: ~root@eltex-practice2-v41:~# [7msu - user2[27msu - user2
[?2004l[?2004h]0;user2@eltex-practice2-v41: ~[01;32muser2@eltex-practice2-v41[00m:[01;34m~[00m$ [7m/usr/local/bin/dmesg_user2.sh[27m/usr/local/bin/dmesg_user2.sh
[?2004ldmesg: read kernel buffer failed: Operation not permitted
[?2004h]0;user2@eltex-practice2-v41: ~[01;32muser2@eltex-practice2-v41[00m:[01;34m~[00m$ [7mls -l /usr/local/bin/dmesg_user2.sh[27m[C[C[C[C[C[C[C[C[C[C[C[C[C[C[C[C[C[C[C[C[C[C[C[C[C[C[C[C[Cls -l /usr/local/bin/dmesg_user2.sh
[?2004l-rwsr-xr-x 1 root root 27 Jul  8 05:21 [0m[37;41m/usr/local/bin/dmesg_user2.sh[0m
[?2004h]0;user2@eltex-practice2-v41: ~[01;32muser2@eltex-practice2-v41[00m:[01;34m~[00m$ у[Kexit
[?2004llogout
